*** Using Compiler 'V5.06 update 7 (build 960)', folder: 'D:\Keil_v5\ARM\ARMCC\Bin'
Rebuild target 'STM32_'
assembling startup_stm32f40_41xxx.s...
compiling stm32f4xx_it.c...
compiling main.c...
compiling misc.c...
compiling system_stm32f4xx.c...
compiling stm32f4xx_adc.c...
compiling stm32f4xx_can.c...
compiling stm32f4xx_cec.c...
compiling stm32f4xx_cryp.c...
compiling stm32f4xx_crc.c...
compiling stm32f4xx_cryp_aes.c...
compiling stm32f4xx_dbgmcu.c...
compiling stm32f4xx_cryp_des.c...
compiling stm32f4xx_cryp_tdes.c...
compiling stm32f4xx_dac.c...
compiling stm32f4xx_dcmi.c...
compiling stm32f4xx_dfsdm.c...
compiling stm32f4xx_dma.c...
compiling stm32f4xx_dsi.c...
compiling stm32f4xx_dma2d.c...
compiling stm32f4xx_exti.c...
compiling stm32f4xx_flash_ramfunc.c...
compiling stm32f4xx_fmpi2c.c...
compiling stm32f4xx_flash.c...
compiling stm32f4xx_fsmc.c...
compiling stm32f4xx_gpio.c...
compiling stm32f4xx_hash.c...
compiling stm32f4xx_hash_md5.c...
compiling stm32f4xx_hash_sha1.c...
compiling stm32f4xx_i2c.c...
compiling stm32f4xx_iwdg.c...
compiling stm32f4xx_lptim.c...
compiling stm32f4xx_ltdc.c...
compiling stm32f4xx_qspi.c...
compiling stm32f4xx_pwr.c...
compiling stm32f4xx_rng.c...
compiling stm32f4xx_sdio.c...
compiling stm32f4xx_rcc.c...
compiling stm32f4xx_rtc.c...
compiling stm32f4xx_sai.c...
compiling stm32f4xx_spdifrx.c...
compiling stm32f4xx_syscfg.c...
compiling stm32f4xx_usart.c...
compiling stm32f4xx_tim.c...
compiling stm32f4xx_spi.c...
compiling DELAY.c...
compiling stm32f4xx_wwdg.c...
compiling LED.c...
compiling KEY_EXTI.c...
compiling KEY.c...
compiling TIM6.c...
compiling TIM14.c...
compiling I2C_Hardware.c...
compiling USART.c...
compiling TIM1.c...
compiling DMA_ROM2RAM.c...
compiling ADC.c...
compiling TIM4.c...
compiling DMA_UART.c...
compiling TIM8.c...
compiling ADC_DMA.c...
compiling SPI_SOFT.c...
compiling FSMC_LCD.c...
compiling SPI_HARDWARE.c...
compiling FSMC_SRAM_s.c...
compiling flash_s.c...
compiling LCD.c...
compiling flash_h.c...
compiling m24c02_h.c...
linking...
.\Objects\STM32_.axf: Error: L6200E: Symbol asc2_1206 multiply defined (by lcd.o and main.o).
.\Objects\STM32_.axf: Error: L6200E: Symbol asc2_1608 multiply defined (by lcd.o and main.o).
.\Objects\STM32_.axf: Error: L6200E: Symbol asc2_2412 multiply defined (by lcd.o and main.o).
.\Objects\STM32_.axf: Error: L6200E: Symbol asc2_3216 multiply defined (by lcd.o and main.o).
Not enough information to list image symbols.
Not enough information to list load addresses in the image map.
Finished: 2 information, 0 warning and 4 error messages.
".\Objects\STM32_.axf" - 4 Error(s), 0 Warning(s).
Target not created.
Build Time Elapsed:  00:00:07
