Component: ARM Compiler 5.06 update 7 (build 960) Tool: armlink [4d3601]

==============================================================================

Section Cross References

    system_stm32f4xx.o(i.SystemCoreClockUpdate) refers to system_stm32f4xx.o(.data) for SystemCoreClock
    system_stm32f4xx.o(i.SystemInit) refers to system_stm32f4xx.o(i.SetSysClock) for SetSysClock
    main.o(i.main) refers to usart.o(i.USART_Init_) for USART_Init_
    main.o(i.main) refers to fsmc_lcd.o(i.FSMC_LCD_Init_) for FSMC_LCD_Init_
    main.o(i.main) refers to lcd.o(i.LCD_RefreshConfig) for LCD_RefreshConfig
    main.o(i.main) refers to lcd.o(i.LCD_SHOW_STRING) for LCD_SHOW_STRING
    main.o(i.main) refers to lcd.o(i.LCD_FILL_CIRCLE) for LCD_FILL_CIRCLE
    startup_stm32f40_41xxx.o(RESET) refers to startup_stm32f40_41xxx.o(STACK) for __initial_sp
    startup_stm32f40_41xxx.o(RESET) refers to startup_stm32f40_41xxx.o(.text) for Reset_Handler
    startup_stm32f40_41xxx.o(RESET) refers to stm32f4xx_it.o(i.NMI_Handler) for NMI_Handler
    startup_stm32f40_41xxx.o(RESET) refers to stm32f4xx_it.o(i.HardFault_Handler) for HardFault_Handler
    startup_stm32f40_41xxx.o(RESET) refers to stm32f4xx_it.o(i.MemManage_Handler) for MemManage_Handler
    startup_stm32f40_41xxx.o(RESET) refers to stm32f4xx_it.o(i.BusFault_Handler) for BusFault_Handler
    startup_stm32f40_41xxx.o(RESET) refers to stm32f4xx_it.o(i.UsageFault_Handler) for UsageFault_Handler
    startup_stm32f40_41xxx.o(RESET) refers to stm32f4xx_it.o(i.SVC_Handler) for SVC_Handler
    startup_stm32f40_41xxx.o(RESET) refers to stm32f4xx_it.o(i.DebugMon_Handler) for DebugMon_Handler
    startup_stm32f40_41xxx.o(RESET) refers to stm32f4xx_it.o(i.PendSV_Handler) for PendSV_Handler
    startup_stm32f40_41xxx.o(RESET) refers to key_exti.o(i.EXTI0_IRQHandler) for EXTI0_IRQHandler
    startup_stm32f40_41xxx.o(RESET) refers to key_exti.o(i.EXTI3_IRQHandler) for EXTI3_IRQHandler
    startup_stm32f40_41xxx.o(RESET) refers to key_exti.o(i.EXTI4_IRQHandler) for EXTI4_IRQHandler
    startup_stm32f40_41xxx.o(RESET) refers to tim1.o(i.TIM1_UP_TIM10_IRQHandler) for TIM1_UP_TIM10_IRQHandler
    startup_stm32f40_41xxx.o(RESET) refers to usart.o(i.USART1_IRQHandler) for USART1_IRQHandler
    startup_stm32f40_41xxx.o(RESET) refers to tim6.o(i.TIM6_DAC_IRQHandler) for TIM6_DAC_IRQHandler
    startup_stm32f40_41xxx.o(RESET) refers to adc_dma.o(i.DMA2_Stream0_IRQHandler) for DMA2_Stream0_IRQHandler
    startup_stm32f40_41xxx.o(RESET) refers to dma_uart.o(i.DMA2_Stream5_IRQHandler) for DMA2_Stream5_IRQHandler
    startup_stm32f40_41xxx.o(RESET) refers to dma_uart.o(i.DMA2_Stream7_IRQHandler) for DMA2_Stream7_IRQHandler
    startup_stm32f40_41xxx.o(.text) refers to system_stm32f4xx.o(i.SystemInit) for SystemInit
    startup_stm32f40_41xxx.o(.text) refers to entry.o(.ARM.Collect$$$$00000000) for __main
    stm32f4xx_adc.o(i.ADC_DeInit) refers to stm32f4xx_rcc.o(i.RCC_APB2PeriphResetCmd) for RCC_APB2PeriphResetCmd
    stm32f4xx_can.o(i.CAN_DeInit) refers to stm32f4xx_rcc.o(i.RCC_APB1PeriphResetCmd) for RCC_APB1PeriphResetCmd
    stm32f4xx_can.o(i.CAN_GetITStatus) refers to stm32f4xx_can.o(i.CheckITStatus) for CheckITStatus
    stm32f4xx_cryp.o(i.CRYP_DeInit) refers to stm32f4xx_rcc.o(i.RCC_AHB2PeriphResetCmd) for RCC_AHB2PeriphResetCmd
    stm32f4xx_cryp_aes.o(i.CRYP_AES_CBC) refers to stm32f4xx_cryp.o(i.CRYP_KeyStructInit) for CRYP_KeyStructInit
    stm32f4xx_cryp_aes.o(i.CRYP_AES_CBC) refers to stm32f4xx_cryp.o(i.CRYP_FIFOFlush) for CRYP_FIFOFlush
    stm32f4xx_cryp_aes.o(i.CRYP_AES_CBC) refers to stm32f4xx_cryp.o(i.CRYP_Init) for CRYP_Init
    stm32f4xx_cryp_aes.o(i.CRYP_AES_CBC) refers to stm32f4xx_cryp.o(i.CRYP_KeyInit) for CRYP_KeyInit
    stm32f4xx_cryp_aes.o(i.CRYP_AES_CBC) refers to stm32f4xx_cryp.o(i.CRYP_Cmd) for CRYP_Cmd
    stm32f4xx_cryp_aes.o(i.CRYP_AES_CBC) refers to stm32f4xx_cryp.o(i.CRYP_GetFlagStatus) for CRYP_GetFlagStatus
    stm32f4xx_cryp_aes.o(i.CRYP_AES_CBC) refers to stm32f4xx_cryp.o(i.CRYP_IVInit) for CRYP_IVInit
    stm32f4xx_cryp_aes.o(i.CRYP_AES_CBC) refers to stm32f4xx_cryp.o(i.CRYP_GetCmdStatus) for CRYP_GetCmdStatus
    stm32f4xx_cryp_aes.o(i.CRYP_AES_CBC) refers to stm32f4xx_cryp.o(i.CRYP_DataIn) for CRYP_DataIn
    stm32f4xx_cryp_aes.o(i.CRYP_AES_CBC) refers to stm32f4xx_cryp.o(i.CRYP_DataOut) for CRYP_DataOut
    stm32f4xx_cryp_aes.o(i.CRYP_AES_CCM) refers to stm32f4xx_cryp.o(i.CRYP_KeyStructInit) for CRYP_KeyStructInit
    stm32f4xx_cryp_aes.o(i.CRYP_AES_CCM) refers to stm32f4xx_cryp.o(i.CRYP_FIFOFlush) for CRYP_FIFOFlush
    stm32f4xx_cryp_aes.o(i.CRYP_AES_CCM) refers to stm32f4xx_cryp.o(i.CRYP_KeyInit) for CRYP_KeyInit
    stm32f4xx_cryp_aes.o(i.CRYP_AES_CCM) refers to stm32f4xx_cryp.o(i.CRYP_IVInit) for CRYP_IVInit
    stm32f4xx_cryp_aes.o(i.CRYP_AES_CCM) refers to stm32f4xx_cryp.o(i.CRYP_Init) for CRYP_Init
    stm32f4xx_cryp_aes.o(i.CRYP_AES_CCM) refers to stm32f4xx_cryp.o(i.CRYP_PhaseConfig) for CRYP_PhaseConfig
[...]
    Removing stm32f4xx_rtc.o(i.RTC_GetTimeStampSubSecond), (12 bytes).
    Removing stm32f4xx_rtc.o(i.RTC_GetWakeUpCounter), (12 bytes).
    Removing stm32f4xx_rtc.o(i.RTC_ITConfig), (100 bytes).
    Removing stm32f4xx_rtc.o(i.RTC_Init), (100 bytes).
    Removing stm32f4xx_rtc.o(i.RTC_OutputConfig), (56 bytes).
    Removing stm32f4xx_rtc.o(i.RTC_OutputTypeConfig), (28 bytes).
    Removing stm32f4xx_rtc.o(i.RTC_ReadBackupRegister), (32 bytes).
    Removing stm32f4xx_rtc.o(i.RTC_RefClockCmd), (80 bytes).
    Removing stm32f4xx_rtc.o(i.RTC_SetAlarm), (236 bytes).
    Removing stm32f4xx_rtc.o(i.RTC_SetDate), (200 bytes).
    Removing stm32f4xx_rtc.o(i.RTC_SetTime), (208 bytes).
    Removing stm32f4xx_rtc.o(i.RTC_SetWakeUpCounter), (28 bytes).
    Removing stm32f4xx_rtc.o(i.RTC_SmoothCalibConfig), (96 bytes).
    Removing stm32f4xx_rtc.o(i.RTC_StructInit), (14 bytes).
    Removing stm32f4xx_rtc.o(i.RTC_SynchroShiftConfig), (124 bytes).
    Removing stm32f4xx_rtc.o(i.RTC_TamperCmd), (32 bytes).
    Removing stm32f4xx_rtc.o(i.RTC_TamperFilterConfig), (28 bytes).
    Removing stm32f4xx_rtc.o(i.RTC_TamperPinSelection), (28 bytes).
    Removing stm32f4xx_rtc.o(i.RTC_TamperPinsPrechargeDuration), (28 bytes).
    Removing stm32f4xx_rtc.o(i.RTC_TamperPullUpCmd), (36 bytes).
    Removing stm32f4xx_rtc.o(i.RTC_TamperSamplingFreqConfig), (28 bytes).
    Removing stm32f4xx_rtc.o(i.RTC_TamperTriggerConfig), (36 bytes).
    Removing stm32f4xx_rtc.o(i.RTC_TimeStampCmd), (56 bytes).
    Removing stm32f4xx_rtc.o(i.RTC_TimeStampOnTamperDetectionCmd), (36 bytes).
    Removing stm32f4xx_rtc.o(i.RTC_TimeStampPinSelection), (28 bytes).
    Removing stm32f4xx_rtc.o(i.RTC_TimeStructInit), (12 bytes).
    Removing stm32f4xx_rtc.o(i.RTC_WaitForSynchro), (96 bytes).
    Removing stm32f4xx_rtc.o(i.RTC_WakeUpClockConfig), (48 bytes).
    Removing stm32f4xx_rtc.o(i.RTC_WakeUpCmd), (120 bytes).
    Removing stm32f4xx_rtc.o(i.RTC_WriteBackupRegister), (28 bytes).
    Removing stm32f4xx_rtc.o(i.RTC_WriteProtectionCmd), (28 bytes).
    Removing stm32f4xx_sai.o(.rev16_text), (4 bytes).
    Removing stm32f4xx_sai.o(.revsh_text), (4 bytes).
    Removing stm32f4xx_sai.o(.rrx_text), (6 bytes).
    Removing stm32f4xx_sai.o(i.SAI_ClearFlag), (8 bytes).
    Removing stm32f4xx_sai.o(i.SAI_ClearITPendingBit), (8 bytes).
    Removing stm32f4xx_sai.o(i.SAI_Cmd), (22 bytes).
    Removing stm32f4xx_sai.o(i.SAI_CompandingModeConfig), (16 bytes).
    Removing stm32f4xx_sai.o(i.SAI_DMACmd), (22 bytes).
    Removing stm32f4xx_sai.o(i.SAI_DeInit), (36 bytes).
    Removing stm32f4xx_sai.o(i.SAI_FlushFIFO), (10 bytes).
    Removing stm32f4xx_sai.o(i.SAI_FrameInit), (44 bytes).
    Removing stm32f4xx_sai.o(i.SAI_FrameStructInit), (18 bytes).
    Removing stm32f4xx_sai.o(i.SAI_GetCmdStatus), (20 bytes).
    Removing stm32f4xx_sai.o(i.SAI_GetFIFOStatus), (12 bytes).
    Removing stm32f4xx_sai.o(i.SAI_GetFlagStatus), (18 bytes).
    Removing stm32f4xx_sai.o(i.SAI_GetITStatus), (30 bytes).
    Removing stm32f4xx_sai.o(i.SAI_ITConfig), (18 bytes).
    Removing stm32f4xx_sai.o(i.SAI_Init), (76 bytes).
    Removing stm32f4xx_sai.o(i.SAI_MonoModeConfig), (18 bytes).
    Removing stm32f4xx_sai.o(i.SAI_MuteFrameCounterConfig), (18 bytes).
    Removing stm32f4xx_sai.o(i.SAI_MuteModeCmd), (22 bytes).
    Removing stm32f4xx_sai.o(i.SAI_MuteValueConfig), (16 bytes).
    Removing stm32f4xx_sai.o(i.SAI_ReceiveData), (6 bytes).
    Removing stm32f4xx_sai.o(i.SAI_SendData), (4 bytes).
    Removing stm32f4xx_sai.o(i.SAI_SlotInit), (36 bytes).
    Removing stm32f4xx_sai.o(i.SAI_SlotStructInit), (16 bytes).
    Removing stm32f4xx_sai.o(i.SAI_StructInit), (30 bytes).
    Removing stm32f4xx_sai.o(i.SAI_TRIStateConfig), (18 bytes).
    Removing stm32f4xx_sdio.o(.rev16_text), (4 bytes).
    Removing stm32f4xx_sdio.o(.revsh_text), (4 bytes).
    Removing stm32f4xx_sdio.o(.rrx_text), (6 bytes).
    Removing stm32f4xx_sdio.o(i.SDIO_CEATAITCmd), (16 bytes).
    Removing stm32f4xx_sdio.o(i.SDIO_ClearFlag), (12 bytes).
    Removing stm32f4xx_sdio.o(i.SDIO_ClearITPendingBit), (12 bytes).
    Removing stm32f4xx_sdio.o(i.SDIO_ClockCmd), (12 bytes).
    Removing stm32f4xx_sdio.o(i.SDIO_CmdStructInit), (14 bytes).
    Removing stm32f4xx_sdio.o(i.SDIO_CommandCompletionCmd), (12 bytes).
    Removing stm32f4xx_sdio.o(i.SDIO_DMACmd), (12 bytes).
    Removing stm32f4xx_sdio.o(i.SDIO_DataConfig), (52 bytes).
    Removing stm32f4xx_sdio.o(i.SDIO_DataStructInit), (20 bytes).
    Removing stm32f4xx_sdio.o(i.SDIO_DeInit), (22 bytes).
    Removing stm32f4xx_sdio.o(i.SDIO_GetCommandResponse), (12 bytes).
    Removing stm32f4xx_sdio.o(i.SDIO_GetDataCounter), (12 bytes).
    Removing stm32f4xx_sdio.o(i.SDIO_GetFIFOCount), (12 bytes).
    Removing stm32f4xx_sdio.o(i.SDIO_GetFlagStatus), (24 bytes).
    Removing stm32f4xx_sdio.o(i.SDIO_GetITStatus), (24 bytes).
    Removing stm32f4xx_sdio.o(i.SDIO_GetPowerState), (16 bytes).
    Removing stm32f4xx_sdio.o(i.SDIO_GetResponse), (24 bytes).
    Removing stm32f4xx_sdio.o(i.SDIO_ITConfig), (32 bytes).
    Removing stm32f4xx_sdio.o(i.SDIO_Init), (48 bytes).
    Removing stm32f4xx_sdio.o(i.SDIO_ReadData), (12 bytes).
    Removing stm32f4xx_sdio.o(i.SDIO_SendCEATACmd), (12 bytes).
    Removing stm32f4xx_sdio.o(i.SDIO_SendCommand), (44 bytes).
    Removing stm32f4xx_sdio.o(i.SDIO_SendSDIOSuspendCmd), (12 bytes).
    Removing stm32f4xx_sdio.o(i.SDIO_SetPowerState), (12 bytes).
    Removing stm32f4xx_sdio.o(i.SDIO_SetSDIOOperation), (12 bytes).
    Removing stm32f4xx_sdio.o(i.SDIO_SetSDIOReadWaitMode), (12 bytes).
    Removing stm32f4xx_sdio.o(i.SDIO_StartSDIOReadWait), (12 bytes).
    Removing stm32f4xx_sdio.o(i.SDIO_StopSDIOReadWait), (12 bytes).
    Removing stm32f4xx_sdio.o(i.SDIO_StructInit), (16 bytes).
    Removing stm32f4xx_sdio.o(i.SDIO_WriteData), (12 bytes).
    Removing stm32f4xx_spdifrx.o(.rev16_text), (4 bytes).
    Removing stm32f4xx_spdifrx.o(.revsh_text), (4 bytes).
    Removing stm32f4xx_spdifrx.o(.rrx_text), (6 bytes).
    Removing stm32f4xx_spi.o(.rev16_text), (4 bytes).
    Removing stm32f4xx_spi.o(.revsh_text), (4 bytes).
    Removing stm32f4xx_spi.o(.rrx_text), (6 bytes).
    Removing stm32f4xx_spi.o(i.I2S_Cmd), (24 bytes).
    Removing stm32f4xx_spi.o(i.I2S_FullDuplexConfig), (80 bytes).
    Removing stm32f4xx_spi.o(i.I2S_Init), (408 bytes).
    Removing stm32f4xx_spi.o(i.I2S_StructInit), (20 bytes).
    Removing stm32f4xx_spi.o(i.SPI_BiDirectionalLineConfig), (28 bytes).
    Removing stm32f4xx_spi.o(i.SPI_CalculateCRC), (24 bytes).
    Removing stm32f4xx_spi.o(i.SPI_Cmd), (24 bytes).
    Removing stm32f4xx_spi.o(i.SPI_DataSizeConfig), (18 bytes).
    Removing stm32f4xx_spi.o(i.SPI_GetCRC), (16 bytes).
    Removing stm32f4xx_spi.o(i.SPI_GetCRCPolynomial), (6 bytes).
    Removing stm32f4xx_spi.o(i.SPI_I2S_ClearFlag), (6 bytes).
    Removing stm32f4xx_spi.o(i.SPI_I2S_ClearITPendingBit), (20 bytes).
    Removing stm32f4xx_spi.o(i.SPI_I2S_DMACmd), (18 bytes).
    Removing stm32f4xx_spi.o(i.SPI_I2S_DeInit), (176 bytes).
    Removing stm32f4xx_spi.o(i.SPI_I2S_GetFlagStatus), (18 bytes).
    Removing stm32f4xx_spi.o(i.SPI_I2S_GetITStatus), (52 bytes).
    Removing stm32f4xx_spi.o(i.SPI_I2S_ITConfig), (32 bytes).
    Removing stm32f4xx_spi.o(i.SPI_I2S_ReceiveData), (6 bytes).
    Removing stm32f4xx_spi.o(i.SPI_I2S_SendData), (4 bytes).
    Removing stm32f4xx_spi.o(i.SPI_Init), (60 bytes).
    Removing stm32f4xx_spi.o(i.SPI_NSSInternalSoftwareConfig), (30 bytes).
    Removing stm32f4xx_spi.o(i.SPI_SSOutputCmd), (24 bytes).
    Removing stm32f4xx_spi.o(i.SPI_StructInit), (24 bytes).
    Removing stm32f4xx_spi.o(i.SPI_TIModeCmd), (24 bytes).
    Removing stm32f4xx_spi.o(i.SPI_TransmitCRC), (10 bytes).
    Removing stm32f4xx_syscfg.o(.rev16_text), (4 bytes).
    Removing stm32f4xx_syscfg.o(.revsh_text), (4 bytes).
    Removing stm32f4xx_syscfg.o(.rrx_text), (6 bytes).
    Removing stm32f4xx_syscfg.o(i.SYSCFG_CompensationCellCmd), (12 bytes).
    Removing stm32f4xx_syscfg.o(i.SYSCFG_DeInit), (22 bytes).
    Removing stm32f4xx_syscfg.o(i.SYSCFG_ETH_MediaInterfaceConfig), (12 bytes).
    Removing stm32f4xx_syscfg.o(i.SYSCFG_EXTILineConfig), (64 bytes).
    Removing stm32f4xx_syscfg.o(i.SYSCFG_GetCompensationCellStatus), (24 bytes).
    Removing stm32f4xx_syscfg.o(i.SYSCFG_MemoryRemapConfig), (12 bytes).
    Removing stm32f4xx_syscfg.o(i.SYSCFG_MemorySwappingBank), (12 bytes).
    Removing stm32f4xx_tim.o(.rev16_text), (4 bytes).
    Removing stm32f4xx_tim.o(.revsh_text), (4 bytes).
    Removing stm32f4xx_tim.o(.rrx_text), (6 bytes).
    Removing stm32f4xx_tim.o(i.TI1_Config), (58 bytes).
    Removing stm32f4xx_tim.o(i.TI2_Config), (80 bytes).
    Removing stm32f4xx_tim.o(i.TI3_Config), (72 bytes).
    Removing stm32f4xx_tim.o(i.TI4_Config), (80 bytes).
    Removing stm32f4xx_tim.o(i.TIM_ARRPreloadConfig), (24 bytes).
    Removing stm32f4xx_tim.o(i.TIM_BDTRConfig), (32 bytes).
    Removing stm32f4xx_tim.o(i.TIM_BDTRStructInit), (18 bytes).
    Removing stm32f4xx_tim.o(i.TIM_CCPreloadControl), (24 bytes).
    Removing stm32f4xx_tim.o(i.TIM_CCxCmd), (30 bytes).
    Removing stm32f4xx_tim.o(i.TIM_CCxNCmd), (30 bytes).
    Removing stm32f4xx_tim.o(i.TIM_ClearFlag), (6 bytes).
    Removing stm32f4xx_tim.o(i.TIM_ClearITPendingBit), (6 bytes).
    Removing stm32f4xx_tim.o(i.TIM_ClearOC1Ref), (18 bytes).
    Removing stm32f4xx_tim.o(i.TIM_ClearOC2Ref), (24 bytes).
    Removing stm32f4xx_tim.o(i.TIM_ClearOC3Ref), (18 bytes).
    Removing stm32f4xx_tim.o(i.TIM_ClearOC4Ref), (24 bytes).
    Removing stm32f4xx_tim.o(i.TIM_Cmd), (24 bytes).
    Removing stm32f4xx_tim.o(i.TIM_CounterModeConfig), (18 bytes).
    Removing stm32f4xx_tim.o(i.TIM_CtrlPWMOutputs), (30 bytes).
    Removing stm32f4xx_tim.o(i.TIM_DMACmd), (18 bytes).
    Removing stm32f4xx_tim.o(i.TIM_DMAConfig), (10 bytes).
    Removing stm32f4xx_tim.o(i.TIM_DeInit), (400 bytes).
    Removing stm32f4xx_tim.o(i.TIM_ETRClockMode1Config), (54 bytes).
    Removing stm32f4xx_tim.o(i.TIM_ETRClockMode2Config), (32 bytes).
    Removing stm32f4xx_tim.o(i.TIM_ETRConfig), (28 bytes).
    Removing stm32f4xx_tim.o(i.TIM_EncoderInterfaceConfig), (66 bytes).
    Removing stm32f4xx_tim.o(i.TIM_ForcedOC1Config), (18 bytes).
    Removing stm32f4xx_tim.o(i.TIM_ForcedOC2Config), (26 bytes).
    Removing stm32f4xx_tim.o(i.TIM_ForcedOC3Config), (18 bytes).
    Removing stm32f4xx_tim.o(i.TIM_ForcedOC4Config), (26 bytes).
    Removing stm32f4xx_tim.o(i.TIM_GenerateEvent), (4 bytes).
    Removing stm32f4xx_tim.o(i.TIM_GetCapture1), (6 bytes).
    Removing stm32f4xx_tim.o(i.TIM_GetCapture2), (6 bytes).
    Removing stm32f4xx_tim.o(i.TIM_GetCapture3), (6 bytes).
    Removing stm32f4xx_tim.o(i.TIM_GetCapture4), (6 bytes).
    Removing stm32f4xx_tim.o(i.TIM_GetCounter), (6 bytes).
    Removing stm32f4xx_tim.o(i.TIM_GetFlagStatus), (18 bytes).
    Removing stm32f4xx_tim.o(i.TIM_GetITStatus), (34 bytes).
    Removing stm32f4xx_tim.o(i.TIM_GetPrescaler), (6 bytes).
    Removing stm32f4xx_tim.o(i.TIM_ICInit), (110 bytes).
    Removing stm32f4xx_tim.o(i.TIM_ICStructInit), (18 bytes).
    Removing stm32f4xx_tim.o(i.TIM_ITConfig), (18 bytes).
    Removing stm32f4xx_tim.o(i.TIM_ITRxExternalClockConfig), (24 bytes).
    Removing stm32f4xx_tim.o(i.TIM_InternalClockConfig), (12 bytes).
    Removing stm32f4xx_tim.o(i.TIM_OC1FastConfig), (18 bytes).
    Removing stm32f4xx_tim.o(i.TIM_OC1Init), (124 bytes).
    Removing stm32f4xx_tim.o(i.TIM_OC1NPolarityConfig), (18 bytes).
    Removing stm32f4xx_tim.o(i.TIM_OC1PolarityConfig), (18 bytes).
    Removing stm32f4xx_tim.o(i.TIM_OC1PreloadConfig), (18 bytes).
    Removing stm32f4xx_tim.o(i.TIM_OC2FastConfig), (26 bytes).
    Removing stm32f4xx_tim.o(i.TIM_OC2Init), (164 bytes).
    Removing stm32f4xx_tim.o(i.TIM_OC2NPolarityConfig), (26 bytes).
    Removing stm32f4xx_tim.o(i.TIM_OC2PolarityConfig), (26 bytes).
    Removing stm32f4xx_tim.o(i.TIM_OC2PreloadConfig), (26 bytes).
    Removing stm32f4xx_tim.o(i.TIM_OC3FastConfig), (18 bytes).
    Removing stm32f4xx_tim.o(i.TIM_OC3Init), (160 bytes).
    Removing stm32f4xx_tim.o(i.TIM_OC3NPolarityConfig), (26 bytes).
    Removing stm32f4xx_tim.o(i.TIM_OC3PolarityConfig), (26 bytes).
    Removing stm32f4xx_tim.o(i.TIM_OC3PreloadConfig), (18 bytes).
    Removing stm32f4xx_tim.o(i.TIM_OC4FastConfig), (26 bytes).
    Removing stm32f4xx_tim.o(i.TIM_OC4Init), (120 bytes).
    Removing stm32f4xx_tim.o(i.TIM_OC4PolarityConfig), (26 bytes).
    Removing stm32f4xx_tim.o(i.TIM_OC4PreloadConfig), (26 bytes).
    Removing stm32f4xx_tim.o(i.TIM_OCStructInit), (20 bytes).
    Removing stm32f4xx_tim.o(i.TIM_PWMIConfig), (124 bytes).
    Removing stm32f4xx_tim.o(i.TIM_PrescalerConfig), (6 bytes).
    Removing stm32f4xx_tim.o(i.TIM_RemapConfig), (6 bytes).
    Removing stm32f4xx_tim.o(i.TIM_SelectCCDMA), (24 bytes).
    Removing stm32f4xx_tim.o(i.TIM_SelectCOM), (24 bytes).
    Removing stm32f4xx_tim.o(i.TIM_SelectHallSensor), (24 bytes).
    Removing stm32f4xx_tim.o(i.TIM_SelectInputTrigger), (18 bytes).
    Removing stm32f4xx_tim.o(i.TIM_SelectMasterSlaveMode), (18 bytes).
    Removing stm32f4xx_tim.o(i.TIM_SelectOCxM), (86 bytes).
    Removing stm32f4xx_tim.o(i.TIM_SelectOnePulseMode), (18 bytes).
    Removing stm32f4xx_tim.o(i.TIM_SelectOutputTrigger), (18 bytes).
    Removing stm32f4xx_tim.o(i.TIM_SelectSlaveMode), (18 bytes).
    Removing stm32f4xx_tim.o(i.TIM_SetAutoreload), (4 bytes).
    Removing stm32f4xx_tim.o(i.TIM_SetClockDivision), (18 bytes).
    Removing stm32f4xx_tim.o(i.TIM_SetCompare1), (4 bytes).
    Removing stm32f4xx_tim.o(i.TIM_SetCompare2), (4 bytes).
    Removing stm32f4xx_tim.o(i.TIM_SetCompare3), (4 bytes).
    Removing stm32f4xx_tim.o(i.TIM_SetCompare4), (4 bytes).
    Removing stm32f4xx_tim.o(i.TIM_SetCounter), (4 bytes).
    Removing stm32f4xx_tim.o(i.TIM_SetIC1Prescaler), (18 bytes).
    Removing stm32f4xx_tim.o(i.TIM_SetIC2Prescaler), (26 bytes).
    Removing stm32f4xx_tim.o(i.TIM_SetIC3Prescaler), (18 bytes).
    Removing stm32f4xx_tim.o(i.TIM_SetIC4Prescaler), (26 bytes).
    Removing stm32f4xx_tim.o(i.TIM_TIxExternalClockConfig), (62 bytes).
    Removing stm32f4xx_tim.o(i.TIM_TimeBaseInit), (132 bytes).
    Removing stm32f4xx_tim.o(i.TIM_TimeBaseStructInit), (18 bytes).
    Removing stm32f4xx_tim.o(i.TIM_UpdateDisableConfig), (24 bytes).
    Removing stm32f4xx_tim.o(i.TIM_UpdateRequestConfig), (24 bytes).
    Removing stm32f4xx_usart.o(.rev16_text), (4 bytes).
    Removing stm32f4xx_usart.o(.revsh_text), (4 bytes).
    Removing stm32f4xx_usart.o(.rrx_text), (6 bytes).
    Removing stm32f4xx_usart.o(i.USART_ClearFlag), (18 bytes).
    Removing stm32f4xx_usart.o(i.USART_ClearITPendingBit), (30 bytes).
    Removing stm32f4xx_usart.o(i.USART_ClockInit), (32 bytes).
    Removing stm32f4xx_usart.o(i.USART_ClockStructInit), (12 bytes).
    Removing stm32f4xx_usart.o(i.USART_Cmd), (24 bytes).
    Removing stm32f4xx_usart.o(i.USART_DMACmd), (18 bytes).
    Removing stm32f4xx_usart.o(i.USART_DeInit), (240 bytes).
    Removing stm32f4xx_usart.o(i.USART_GetFlagStatus), (26 bytes).
    Removing stm32f4xx_usart.o(i.USART_GetITStatus), (84 bytes).
    Removing stm32f4xx_usart.o(i.USART_HalfDuplexCmd), (24 bytes).
    Removing stm32f4xx_usart.o(i.USART_ITConfig), (74 bytes).
    Removing stm32f4xx_usart.o(i.USART_Init), (212 bytes).
    Removing stm32f4xx_usart.o(i.USART_IrDACmd), (24 bytes).
    Removing stm32f4xx_usart.o(i.USART_IrDAConfig), (18 bytes).
    Removing stm32f4xx_usart.o(i.USART_LINBreakDetectLengthConfig), (18 bytes).
    Removing stm32f4xx_usart.o(i.USART_LINCmd), (24 bytes).
    Removing stm32f4xx_usart.o(i.USART_OneBitMethodCmd), (24 bytes).
    Removing stm32f4xx_usart.o(i.USART_OverSampling8Cmd), (22 bytes).
    Removing stm32f4xx_usart.o(i.USART_ReceiveData), (10 bytes).
    Removing stm32f4xx_usart.o(i.USART_ReceiverWakeUpCmd), (24 bytes).
    Removing stm32f4xx_usart.o(i.USART_SendBreak), (10 bytes).
    Removing stm32f4xx_usart.o(i.USART_SendData), (8 bytes).
    Removing stm32f4xx_usart.o(i.USART_SetAddress), (18 bytes).
    Removing stm32f4xx_usart.o(i.USART_SetGuardTime), (16 bytes).
    Removing stm32f4xx_usart.o(i.USART_SetPrescaler), (16 bytes).
    Removing stm32f4xx_usart.o(i.USART_SmartCardCmd), (24 bytes).
    Removing stm32f4xx_usart.o(i.USART_SmartCardNACKCmd), (24 bytes).
    Removing stm32f4xx_usart.o(i.USART_StructInit), (24 bytes).
    Removing stm32f4xx_usart.o(i.USART_WakeUpConfig), (18 bytes).
    Removing stm32f4xx_wwdg.o(.rev16_text), (4 bytes).
    Removing stm32f4xx_wwdg.o(.revsh_text), (4 bytes).
    Removing stm32f4xx_wwdg.o(.rrx_text), (6 bytes).
    Removing stm32f4xx_wwdg.o(i.WWDG_ClearFlag), (12 bytes).
    Removing stm32f4xx_wwdg.o(i.WWDG_DeInit), (22 bytes).
    Removing stm32f4xx_wwdg.o(i.WWDG_Enable), (16 bytes).
    Removing stm32f4xx_wwdg.o(i.WWDG_EnableIT), (12 bytes).
    Removing stm32f4xx_wwdg.o(i.WWDG_GetFlagStatus), (20 bytes).
    Removing stm32f4xx_wwdg.o(i.WWDG_SetCounter), (16 bytes).
    Removing stm32f4xx_wwdg.o(i.WWDG_SetPrescaler), (24 bytes).
    Removing stm32f4xx_wwdg.o(i.WWDG_SetWindowValue), (40 bytes).
    Removing delay.o(.rev16_text), (4 bytes).
    Removing delay.o(.revsh_text), (4 bytes).
    Removing delay.o(.rrx_text), (6 bytes).
    Removing delay.o(i.delay_s), (24 bytes).
    Removing led.o(.rev16_text), (4 bytes).
    Removing led.o(.revsh_text), (4 bytes).
    Removing led.o(.rrx_text), (6 bytes).
    Removing led.o(i.LED_Init), (108 bytes).
    Removing led.o(i.LED_OFF_ALL), (28 bytes).
    Removing led.o(i.LED_ON_ALL), (28 bytes).
    Removing key.o(.rev16_text), (4 bytes).
    Removing key.o(.revsh_text), (4 bytes).
    Removing key.o(.rrx_text), (6 bytes).
    Removing key.o(i.KEY_Init), (200 bytes).
    Removing key.o(i.KEY_Scan), (104 bytes).
    Removing key_exti.o(.rev16_text), (4 bytes).
    Removing key_exti.o(.revsh_text), (4 bytes).
    Removing key_exti.o(.rrx_text), (6 bytes).
    Removing key_exti.o(i.KEY_EXTI_Init), (548 bytes).
    Removing usart.o(.rev16_text), (4 bytes).
    Removing usart.o(.revsh_text), (4 bytes).
    Removing usart.o(.rrx_text), (6 bytes).
    Removing i2c_hardware.o(.rev16_text), (4 bytes).
    Removing i2c_hardware.o(.revsh_text), (4 bytes).
    Removing i2c_hardware.o(.rrx_text), (6 bytes).
    Removing i2c_hardware.o(i.I2C_ACK_H), (20 bytes).
    Removing i2c_hardware.o(i.I2C_Init_H), (212 bytes).
    Removing i2c_hardware.o(i.I2C_NACK_H), (20 bytes).
    Removing i2c_hardware.o(i.I2C_ReadByte_H), (44 bytes).
    Removing i2c_hardware.o(i.I2C_SendAddr_H), (56 bytes).
    Removing i2c_hardware.o(i.I2C_SendByte_H), (72 bytes).
    Removing i2c_hardware.o(i.I2C_Start_H), (52 bytes).
    Removing i2c_hardware.o(i.I2C_Stop_H), (20 bytes).
    Removing tim6.o(.rev16_text), (4 bytes).
    Removing tim6.o(.revsh_text), (4 bytes).
    Removing tim6.o(.rrx_text), (6 bytes).
    Removing tim6.o(i.TIM6_Init_), (132 bytes).
    Removing tim6.o(i.TIM6_delay_ms), (24 bytes).
    Removing tim6.o(i.TIM6_delay_s), (26 bytes).
    Removing tim14.o(.rev16_text), (4 bytes).
    Removing tim14.o(.revsh_text), (4 bytes).
    Removing tim14.o(.rrx_text), (6 bytes).
    Removing tim14.o(i.TIM14_Init_), (208 bytes).
    Removing tim14.o(i.TIM14_SetDutyCycle), (12 bytes).
    Removing tim1.o(.rev16_text), (4 bytes).
    Removing tim1.o(.revsh_text), (4 bytes).
    Removing tim1.o(.rrx_text), (6 bytes).
    Removing tim1.o(i.TIM1_Init_), (348 bytes).
    Removing tim8.o(.rev16_text), (4 bytes).
    Removing tim8.o(.revsh_text), (4 bytes).
    Removing tim8.o(.rrx_text), (6 bytes).
    Removing tim8.o(i.TIM8_Get_DutyCycle), (96 bytes).
    Removing tim8.o(i.TIM8_Get_Freq), (80 bytes).
    Removing tim8.o(i.TIM8_Get_T), (24 bytes).
    Removing tim8.o(i.TIM8_Init_), (416 bytes).
    Removing tim4.o(.rev16_text), (4 bytes).
    Removing tim4.o(.revsh_text), (4 bytes).
    Removing tim4.o(.rrx_text), (6 bytes).
    Removing tim4.o(i.TIM4_Init_), (268 bytes).
    Removing tim4.o(i.TIM4_SetDutyCycle), (12 bytes).
    Removing dma_uart.o(.rev16_text), (4 bytes).
    Removing dma_uart.o(.revsh_text), (4 bytes).
    Removing dma_uart.o(.rrx_text), (6 bytes).
    Removing dma_uart.o(i.DMA_UART_Init_), (384 bytes).
    Removing dma_uart.o(i.DMA_UART_RX), (36 bytes).
    Removing dma_uart.o(i.DMA_UART_TX), (56 bytes).
    Removing adc_dma.o(.rev16_text), (4 bytes).
    Removing adc_dma.o(.revsh_text), (4 bytes).
    Removing adc_dma.o(.rrx_text), (6 bytes).
    Removing adc_dma.o(i.ADC_MULTI_Init_), (620 bytes).
    Removing adc_dma.o(i.ADC_MULTI_START_), (64 bytes).
    Removing adc_dma.o(.bss), (12 bytes).
    Removing spi_soft.o(.rev16_text), (4 bytes).
    Removing spi_soft.o(.revsh_text), (4 bytes).
    Removing spi_soft.o(.rrx_text), (6 bytes).
    Removing spi_soft.o(i.SPI_SOFT_Init_), (236 bytes).
    Removing spi_soft.o(i.SPI_SOFT_START), (20 bytes).
    Removing spi_soft.o(i.SPI_SOFT_STOP), (20 bytes).
    Removing spi_soft.o(i.SPI_SOFT_SWAP), (136 bytes).
    Removing spi_hardware.o(.rev16_text), (4 bytes).
    Removing spi_hardware.o(.revsh_text), (4 bytes).
    Removing spi_hardware.o(.rrx_text), (6 bytes).
    Removing spi_hardware.o(i.SPI_DMA_START), (160 bytes).
    Removing spi_hardware.o(i.SPI_HARD_Init_), (624 bytes).
    Removing spi_hardware.o(i.SPI_HARD_START), (20 bytes).
    Removing spi_hardware.o(i.SPI_HARD_STOP), (20 bytes).
    Removing fsmc_sram_s.o(.rev16_text), (4 bytes).
    Removing fsmc_sram_s.o(.revsh_text), (4 bytes).
    Removing fsmc_sram_s.o(.rrx_text), (6 bytes).
    Removing fsmc_sram_s.o(i.FSMC_Init_s), (1108 bytes).
    Removing fsmc_lcd.o(.rev16_text), (4 bytes).
    Removing fsmc_lcd.o(.revsh_text), (4 bytes).
    Removing fsmc_lcd.o(.rrx_text), (6 bytes).
    Removing lcd.o(.rev16_text), (4 bytes).
    Removing lcd.o(.revsh_text), (4 bytes).
    Removing lcd.o(.rrx_text), (6 bytes).
    Removing lcd.o(i.LCD_DRAW_CIRCLE), (312 bytes).
    Removing lcd.o(i.LCD_Fill_Full_Screen), (90 bytes).
    Removing lcd.o(i.LCD_READ_DATA), (12 bytes).
    Removing lcd.o(i.LCD_READ_ID), (38 bytes).
    Removing lcd.o(i.LCD_RESET), (10 bytes).
    Removing lcd.o(i.LCD_ReadPixel), (116 bytes).
    Removing lcd.o(i.LCD_ReadStatus), (48 bytes).
    Removing flash_s.o(.rev16_text), (4 bytes).
    Removing flash_s.o(.revsh_text), (4 bytes).
    Removing flash_s.o(.rrx_text), (6 bytes).
    Removing flash_s.o(i.FLASH_SOFT_ERASE), (44 bytes).
    Removing flash_s.o(i.FLASH_SOFT_Init), (8 bytes).
    Removing flash_s.o(i.FLASH_SOFT_MESSAGE), (64 bytes).
    Removing flash_s.o(i.FLASH_SOFT_NOTBUSY), (34 bytes).
    Removing flash_s.o(i.FLASH_SOFT_READ), (86 bytes).
    Removing flash_s.o(i.FLASH_SOFT_WRITE), (88 bytes).
    Removing flash_s.o(i.FLASH_SOFT_WRITE_DISABLE), (22 bytes).
    Removing flash_s.o(i.FLASH_SOFT_WRITE_ENABLE), (22 bytes).
    Removing m24c02_h.o(.rev16_text), (4 bytes).
    Removing m24c02_h.o(.revsh_text), (4 bytes).
    Removing m24c02_h.o(.rrx_text), (6 bytes).
    Removing m24c02_h.o(i.EEPROM_Init), (8 bytes).
    Removing m24c02_h.o(i.EEPROM_ReadByte), (58 bytes).
    Removing m24c02_h.o(i.EEPROM_ReadBytes), (88 bytes).
    Removing m24c02_h.o(i.EEPROM_WriteByte), (48 bytes).
    Removing m24c02_h.o(i.EEPROM_WriteBytes), (66 bytes).
    Removing flash_h.o(.rev16_text), (4 bytes).
    Removing flash_h.o(.revsh_text), (4 bytes).
    Removing flash_h.o(.rrx_text), (6 bytes).
    Removing flash_h.o(i.FLASH_HARDWARE_ERASE), (64 bytes).
    Removing flash_h.o(i.FLASH_HARDWARE_Init_), (8 bytes).
    Removing flash_h.o(i.FLASH_HARDWARE_MESSAGE), (96 bytes).
    Removing flash_h.o(i.FLASH_HARDWARE_NOTBUSY), (60 bytes).
    Removing flash_h.o(i.FLASH_HARDWARE_READ), (98 bytes).
    Removing flash_h.o(i.FLASH_HARDWARE_WRITE), (90 bytes).
    Removing flash_h.o(i.FLASH_HARDWARE_WRITE_DISABLE), (32 bytes).
    Removing flash_h.o(i.FLASH_HARDWARE_WRITE_ENABLE), (32 bytes).
    Removing dneg.o(.text), (6 bytes).
    Removing dfixul.o(.text), (48 bytes).
    Removing cdrcmple.o(.text), (48 bytes).

979 unused section(s) (total 45948 bytes) removed from the image.

==============================================================================

Image Symbol Table

    Local Symbols

    Symbol Name                              Value     Ov Type        Size  Object(Section)

    ../clib/microlib/division.c              0x00000000   Number         0  uidiv.o ABSOLUTE
    ../clib/microlib/division.c              0x00000000   Number         0  uldiv.o ABSOLUTE
    ../clib/microlib/errno.c                 0x00000000   Number         0  errno.o ABSOLUTE
    ../clib/microlib/init/entry.s            0x00000000   Number         0  entry12b.o ABSOLUTE
    ../clib/microlib/init/entry.s            0x00000000   Number         0  entry12a.o ABSOLUTE
    ../clib/microlib/init/entry.s            0x00000000   Number         0  entry11b.o ABSOLUTE
    ../clib/microlib/init/entry.s            0x00000000   Number         0  entry11a.o ABSOLUTE
    ../clib/microlib/init/entry.s            0x00000000   Number         0  entry10b.o ABSOLUTE
    ../clib/microlib/init/entry.s            0x00000000   Number         0  entry10a.o ABSOLUTE
    ../clib/microlib/init/entry.s            0x00000000   Number         0  entry9b.o ABSOLUTE
    ../clib/microlib/init/entry.s            0x00000000   Number         0  entry9a.o ABSOLUTE
    ../clib/microlib/init/entry.s            0x00000000   Number         0  entry8b.o ABSOLUTE
    ../clib/microlib/init/entry.s            0x00000000   Number         0  entry8a.o ABSOLUTE
    ../clib/microlib/init/entry.s            0x00000000   Number         0  entry7b.o ABSOLUTE
    ../clib/microlib/init/entry.s            0x00000000   Number         0  entry7a.o ABSOLUTE
    ../clib/microlib/init/entry.s            0x00000000   Number         0  entry5.o ABSOLUTE
    ../clib/microlib/init/entry.s            0x00000000   Number         0  entry2.o ABSOLUTE
    ../clib/microlib/init/entry.s            0x00000000   Number         0  entry.o ABSOLUTE
    ../clib/microlib/longlong.c              0x00000000   Number         0  llushr.o ABSOLUTE
    ../clib/microlib/longlong.c              0x00000000   Number         0  llshl.o ABSOLUTE
    ../clib/microlib/longlong.c              0x00000000   Number         0  llsshr.o ABSOLUTE
    ../clib/microlib/printf/printf.c         0x00000000   Number         0  printf2.o ABSOLUTE
    ../clib/microlib/printf/printf.c         0x00000000   Number         0  printf4.o ABSOLUTE
    ../clib/microlib/printf/printf.c         0x00000000   Number         0  printf6.o ABSOLUTE
    ../clib/microlib/printf/printf.c         0x00000000   Number         0  printf7.o ABSOLUTE
    ../clib/microlib/printf/printf.c         0x00000000   Number         0  printf0.o ABSOLUTE
    ../clib/microlib/printf/printf.c         0x00000000   Number         0  printfb.o ABSOLUTE
    ../clib/microlib/printf/printf.c         0x00000000   Number         0  printf1.o ABSOLUTE
    ../clib/microlib/printf/printf.c         0x00000000   Number         0  printf8.o ABSOLUTE
    ../clib/microlib/printf/printf.c         0x00000000   Number         0  printf3.o ABSOLUTE
    ../clib/microlib/printf/printf.c         0x00000000   Number         0  printfa.o ABSOLUTE
    ../clib/microlib/printf/printf.c         0x00000000   Number         0  printf5.o ABSOLUTE
    ../clib/microlib/printf/stubs.s          0x00000000   Number         0  stubs.o ABSOLUTE
    ../clib/microlib/stdio/streams.c         0x00000000   Number         0  stdout.o ABSOLUTE
    ../clib/microlib/stubs.s                 0x00000000   Number         0  iusefp.o ABSOLUTE
    ../fplib/microlib/fpadd.c                0x00000000   Number         0  dadd.o ABSOLUTE
    ../fplib/microlib/fpdiv.c                0x00000000   Number         0  ddiv.o ABSOLUTE
    ../fplib/microlib/fpepilogue.c           0x00000000   Number         0  depilogue.o ABSOLUTE
    ../fplib/microlib/fpfix.c                0x00000000   Number         0  dfixui.o ABSOLUTE
    ../fplib/microlib/fpfix.c                0x00000000   Number         0  dfixi.o ABSOLUTE
    ../fplib/microlib/fpfix.c                0x00000000   Number         0  dfixul.o ABSOLUTE
    ../fplib/microlib/fpflt.c                0x00000000   Number         0  dfltui.o ABSOLUTE
    ../fplib/microlib/fpflt.c                0x00000000   Number         0  dflti.o ABSOLUTE
    ../fplib/microlib/fpmul.c                0x00000000   Number         0  dmul.o ABSOLUTE
    ../fplib/microlib/fpneg.c                0x00000000   Number         0  dneg.o ABSOLUTE
    ../mathlib/cos.c                         0x00000000   Number         0  cos_x.o ABSOLUTE
    ../mathlib/cos.c                         0x00000000   Number         0  cos.o ABSOLUTE
    ../mathlib/cos_i.c                       0x00000000   Number         0  cos_i.o ABSOLUTE
    ../mathlib/dunder.c                      0x00000000   Number         0  dunder.o ABSOLUTE
    ../mathlib/fabs.c                        0x00000000   Number         0  fabs.o ABSOLUTE
    ../mathlib/fpclassify.c                  0x00000000   Number         0  fpclassify.o ABSOLUTE
    ../mathlib/poly.c                        0x00000000   Number         0  poly.o ABSOLUTE
    ../mathlib/rred.c                        0x00000000   Number         0  rred.o ABSOLUTE
    ../mathlib/sin.c                         0x00000000   Number         0  sin_x.o ABSOLUTE
    ../mathlib/sin.c                         0x00000000   Number         0  sin.o ABSOLUTE
    ../mathlib/sin_i.c                       0x00000000   Number         0  sin_i.o ABSOLUTE
    ../mathlib/sin_i.c                       0x00000000   Number         0  sin_i_x.o ABSOLUTE
    Core\startup_stm32f40_41xxx.s            0x00000000   Number         0  startup_stm32f40_41xxx.o ABSOLUTE
    Driver\ADC.c                             0x00000000   Number         0  adc.o ABSOLUTE
    Driver\ADC_DMA.c                         0x00000000   Number         0  adc_dma.o ABSOLUTE
    Driver\DELAY.c                           0x00000000   Number         0  delay.o ABSOLUTE
    Driver\DMA_ROM2RAM.c                     0x00000000   Number         0  dma_rom2ram.o ABSOLUTE
    Driver\DMA_UART.c                        0x00000000   Number         0  dma_uart.o ABSOLUTE
    Driver\FSMC_LCD.c                        0x00000000   Number         0  fsmc_lcd.o ABSOLUTE
    Driver\FSMC_SRAM_s.c                     0x00000000   Number         0  fsmc_sram_s.o ABSOLUTE
    Driver\I2C_Hardware.c                    0x00000000   Number         0  i2c_hardware.o ABSOLUTE
    Driver\KEY.c                             0x00000000   Number         0  key.o ABSOLUTE
    Driver\KEY_EXTI.c                        0x00000000   Number         0  key_exti.o ABSOLUTE
    Driver\LCD.c                             0x00000000   Number         0  lcd.o ABSOLUTE
    Driver\LED.c                             0x00000000   Number         0  led.o ABSOLUTE
    Driver\SPI_HARDWARE.c                    0x00000000   Number         0  spi_hardware.o ABSOLUTE
    Driver\SPI_SOFT.c                        0x00000000   Number         0  spi_soft.o ABSOLUTE
    Driver\TIM1.c                            0x00000000   Number         0  tim1.o ABSOLUTE
    Driver\TIM14.c                           0x00000000   Number         0  tim14.o ABSOLUTE
    Driver\TIM4.c                            0x00000000   Number         0  tim4.o ABSOLUTE
    Driver\TIM6.c                            0x00000000   Number         0  tim6.o ABSOLUTE
    Driver\TIM8.c                            0x00000000   Number         0  tim8.o ABSOLUTE
    Driver\USART.c                           0x00000000   Number         0  usart.o ABSOLUTE
    Driver\\ADC_DMA.c                        0x00000000   Number         0  adc_dma.o ABSOLUTE
    Driver\\DELAY.c                          0x00000000   Number         0  delay.o ABSOLUTE
    Driver\\DMA_UART.c                       0x00000000   Number         0  dma_uart.o ABSOLUTE
    Driver\\FSMC_LCD.c                       0x00000000   Number         0  fsmc_lcd.o ABSOLUTE
    Driver\\FSMC_SRAM_s.c                    0x00000000   Number         0  fsmc_sram_s.o ABSOLUTE
    Driver\\I2C_Hardware.c                   0x00000000   Number         0  i2c_hardware.o ABSOLUTE
    Driver\\KEY.c                            0x00000000   Number         0  key.o ABSOLUTE
    Driver\\KEY_EXTI.c                       0x00000000   Number         0  key_exti.o ABSOLUTE
    Driver\\LCD.c                            0x00000000   Number         0  lcd.o ABSOLUTE
    Driver\\LED.c                            0x00000000   Number         0  led.o ABSOLUTE
    Driver\\SPI_HARDWARE.c                   0x00000000   Number         0  spi_hardware.o ABSOLUTE
    Driver\\SPI_SOFT.c                       0x00000000   Number         0  spi_soft.o ABSOLUTE
    Driver\\TIM1.c                           0x00000000   Number         0  tim1.o ABSOLUTE
    Driver\\TIM14.c                          0x00000000   Number         0  tim14.o ABSOLUTE
    Driver\\TIM4.c                           0x00000000   Number         0  tim4.o ABSOLUTE
    Driver\\TIM6.c                           0x00000000   Number         0  tim6.o ABSOLUTE
    Driver\\TIM8.c                           0x00000000   Number         0  tim8.o ABSOLUTE
    Driver\\USART.c                          0x00000000   Number         0  usart.o ABSOLUTE
    Driver\lcdfont.c                         0x00000000   Number         0  lcdfont.o ABSOLUTE
    FWLib\\src\\misc.c                       0x00000000   Number         0  misc.o ABSOLUTE
    FWLib\\src\\stm32f4xx_adc.c              0x00000000   Number         0  stm32f4xx_adc.o ABSOLUTE
    FWLib\\src\\stm32f4xx_can.c              0x00000000   Number         0  stm32f4xx_can.o ABSOLUTE
    FWLib\\src\\stm32f4xx_cec.c              0x00000000   Number         0  stm32f4xx_cec.o ABSOLUTE
    FWLib\\src\\stm32f4xx_crc.c              0x00000000   Number         0  stm32f4xx_crc.o ABSOLUTE
    FWLib\\src\\stm32f4xx_cryp.c             0x00000000   Number         0  stm32f4xx_cryp.o ABSOLUTE
    FWLib\\src\\stm32f4xx_cryp_aes.c         0x00000000   Number         0  stm32f4xx_cryp_aes.o ABSOLUTE
    FWLib\\src\\stm32f4xx_cryp_des.c         0x00000000   Number         0  stm32f4xx_cryp_des.o ABSOLUTE
    FWLib\\src\\stm32f4xx_cryp_tdes.c        0x00000000   Number         0  stm32f4xx_cryp_tdes.o ABSOLUTE
    FWLib\\src\\stm32f4xx_dac.c              0x00000000   Number         0  stm32f4xx_dac.o ABSOLUTE
    FWLib\\src\\stm32f4xx_dbgmcu.c           0x00000000   Number         0  stm32f4xx_dbgmcu.o ABSOLUTE
    FWLib\\src\\stm32f4xx_dcmi.c             0x00000000   Number         0  stm32f4xx_dcmi.o ABSOLUTE
    FWLib\\src\\stm32f4xx_dfsdm.c            0x00000000   Number         0  stm32f4xx_dfsdm.o ABSOLUTE
    FWLib\\src\\stm32f4xx_dma.c              0x00000000   Number         0  stm32f4xx_dma.o ABSOLUTE
    FWLib\\src\\stm32f4xx_dma2d.c            0x00000000   Number         0  stm32f4xx_dma2d.o ABSOLUTE
    FWLib\\src\\stm32f4xx_dsi.c              0x00000000   Number         0  stm32f4xx_dsi.o ABSOLUTE
    FWLib\\src\\stm32f4xx_exti.c             0x00000000   Number         0  stm32f4xx_exti.o ABSOLUTE
    FWLib\\src\\stm32f4xx_flash.c            0x00000000   Number         0  stm32f4xx_flash.o ABSOLUTE
    FWLib\\src\\stm32f4xx_flash_ramfunc.c    0x00000000   Number         0  stm32f4xx_flash_ramfunc.o ABSOLUTE
    FWLib\\src\\stm32f4xx_fmpi2c.c           0x00000000   Number         0  stm32f4xx_fmpi2c.o ABSOLUTE
    FWLib\\src\\stm32f4xx_fsmc.c             0x00000000   Number         0  stm32f4xx_fsmc.o ABSOLUTE
    FWLib\\src\\stm32f4xx_gpio.c             0x00000000   Number         0  stm32f4xx_gpio.o ABSOLUTE
    FWLib\\src\\stm32f4xx_hash.c             0x00000000   Number         0  stm32f4xx_hash.o ABSOLUTE
    FWLib\\src\\stm32f4xx_hash_md5.c         0x00000000   Number         0  stm32f4xx_hash_md5.o ABSOLUTE
    FWLib\\src\\stm32f4xx_hash_sha1.c        0x00000000   Number         0  stm32f4xx_hash_sha1.o ABSOLUTE
    FWLib\\src\\stm32f4xx_i2c.c              0x00000000   Number         0  stm32f4xx_i2c.o ABSOLUTE
    FWLib\\src\\stm32f4xx_iwdg.c             0x00000000   Number         0  stm32f4xx_iwdg.o ABSOLUTE
    FWLib\\src\\stm32f4xx_lptim.c            0x00000000   Number         0  stm32f4xx_lptim.o ABSOLUTE
    FWLib\\src\\stm32f4xx_ltdc.c             0x00000000   Number         0  stm32f4xx_ltdc.o ABSOLUTE
    FWLib\\src\\stm32f4xx_pwr.c              0x00000000   Number         0  stm32f4xx_pwr.o ABSOLUTE
    FWLib\\src\\stm32f4xx_qspi.c             0x00000000   Number         0  stm32f4xx_qspi.o ABSOLUTE
    FWLib\\src\\stm32f4xx_rcc.c              0x00000000   Number         0  stm32f4xx_rcc.o ABSOLUTE
    FWLib\\src\\stm32f4xx_rng.c              0x00000000   Number         0  stm32f4xx_rng.o ABSOLUTE
    FWLib\\src\\stm32f4xx_rtc.c              0x00000000   Number         0  stm32f4xx_rtc.o ABSOLUTE
    FWLib\\src\\stm32f4xx_sai.c              0x00000000   Number         0  stm32f4xx_sai.o ABSOLUTE
    FWLib\\src\\stm32f4xx_sdio.c             0x00000000   Number         0  stm32f4xx_sdio.o ABSOLUTE
    FWLib\\src\\stm32f4xx_spdifrx.c          0x00000000   Number         0  stm32f4xx_spdifrx.o ABSOLUTE
    FWLib\\src\\stm32f4xx_spi.c              0x00000000   Number         0  stm32f4xx_spi.o ABSOLUTE
    FWLib\\src\\stm32f4xx_syscfg.c           0x00000000   Number         0  stm32f4xx_syscfg.o ABSOLUTE
    FWLib\\src\\stm32f4xx_tim.c              0x00000000   Number         0  stm32f4xx_tim.o ABSOLUTE
    FWLib\\src\\stm32f4xx_usart.c            0x00000000   Number         0  stm32f4xx_usart.o ABSOLUTE
    FWLib\\src\\stm32f4xx_wwdg.c             0x00000000   Number         0  stm32f4xx_wwdg.o ABSOLUTE
    FWLib\src\misc.c                         0x00000000   Number         0  misc.o ABSOLUTE
    FWLib\src\stm32f4xx_adc.c                0x00000000   Number         0  stm32f4xx_adc.o ABSOLUTE
    FWLib\src\stm32f4xx_can.c                0x00000000   Number         0  stm32f4xx_can.o ABSOLUTE
    FWLib\src\stm32f4xx_cec.c                0x00000000   Number         0  stm32f4xx_cec.o ABSOLUTE
    FWLib\src\stm32f4xx_crc.c                0x00000000   Number         0  stm32f4xx_crc.o ABSOLUTE
    FWLib\src\stm32f4xx_cryp.c               0x00000000   Number         0  stm32f4xx_cryp.o ABSOLUTE
    FWLib\src\stm32f4xx_cryp_aes.c           0x00000000   Number         0  stm32f4xx_cryp_aes.o ABSOLUTE
    FWLib\src\stm32f4xx_cryp_des.c           0x00000000   Number         0  stm32f4xx_cryp_des.o ABSOLUTE
    FWLib\src\stm32f4xx_cryp_tdes.c          0x00000000   Number         0  stm32f4xx_cryp_tdes.o ABSOLUTE
    FWLib\src\stm32f4xx_dac.c                0x00000000   Number         0  stm32f4xx_dac.o ABSOLUTE
    FWLib\src\stm32f4xx_dbgmcu.c             0x00000000   Number         0  stm32f4xx_dbgmcu.o ABSOLUTE
    FWLib\src\stm32f4xx_dcmi.c               0x00000000   Number         0  stm32f4xx_dcmi.o ABSOLUTE
    FWLib\src\stm32f4xx_dfsdm.c              0x00000000   Number         0  stm32f4xx_dfsdm.o ABSOLUTE
    FWLib\src\stm32f4xx_dma.c                0x00000000   Number         0  stm32f4xx_dma.o ABSOLUTE
    FWLib\src\stm32f4xx_dma2d.c              0x00000000   Number         0  stm32f4xx_dma2d.o ABSOLUTE
    FWLib\src\stm32f4xx_dsi.c                0x00000000   Number         0  stm32f4xx_dsi.o ABSOLUTE
    FWLib\src\stm32f4xx_exti.c               0x00000000   Number         0  stm32f4xx_exti.o ABSOLUTE
    FWLib\src\stm32f4xx_flash.c              0x00000000   Number         0  stm32f4xx_flash.o ABSOLUTE
    FWLib\src\stm32f4xx_flash_ramfunc.c      0x00000000   Number         0  stm32f4xx_flash_ramfunc.o ABSOLUTE
    FWLib\src\stm32f4xx_fmpi2c.c             0x00000000   Number         0  stm32f4xx_fmpi2c.o ABSOLUTE
    FWLib\src\stm32f4xx_fsmc.c               0x00000000   Number         0  stm32f4xx_fsmc.o ABSOLUTE
    FWLib\src\stm32f4xx_gpio.c               0x00000000   Number         0  stm32f4xx_gpio.o ABSOLUTE
    FWLib\src\stm32f4xx_hash.c               0x00000000   Number         0  stm32f4xx_hash.o ABSOLUTE
    FWLib\src\stm32f4xx_hash_md5.c           0x00000000   Number         0  stm32f4xx_hash_md5.o ABSOLUTE
    FWLib\src\stm32f4xx_hash_sha1.c          0x00000000   Number         0  stm32f4xx_hash_sha1.o ABSOLUTE
    FWLib\src\stm32f4xx_i2c.c                0x00000000   Number         0  stm32f4xx_i2c.o ABSOLUTE
    FWLib\src\stm32f4xx_iwdg.c               0x00000000   Number         0  stm32f4xx_iwdg.o ABSOLUTE
    FWLib\src\stm32f4xx_lptim.c              0x00000000   Number         0  stm32f4xx_lptim.o ABSOLUTE
    FWLib\src\stm32f4xx_ltdc.c               0x00000000   Number         0  stm32f4xx_ltdc.o ABSOLUTE
    FWLib\src\stm32f4xx_pwr.c                0x00000000   Number         0  stm32f4xx_pwr.o ABSOLUTE
    FWLib\src\stm32f4xx_qspi.c               0x00000000   Number         0  stm32f4xx_qspi.o ABSOLUTE
    FWLib\src\stm32f4xx_rcc.c                0x00000000   Number         0  stm32f4xx_rcc.o ABSOLUTE
    FWLib\src\stm32f4xx_rng.c                0x00000000   Number         0  stm32f4xx_rng.o ABSOLUTE
    FWLib\src\stm32f4xx_rtc.c                0x00000000   Number         0  stm32f4xx_rtc.o ABSOLUTE
    FWLib\src\stm32f4xx_sai.c                0x00000000   Number         0  stm32f4xx_sai.o ABSOLUTE
    FWLib\src\stm32f4xx_sdio.c               0x00000000   Number         0  stm32f4xx_sdio.o ABSOLUTE
    FWLib\src\stm32f4xx_spdifrx.c            0x00000000   Number         0  stm32f4xx_spdifrx.o ABSOLUTE
    FWLib\src\stm32f4xx_spi.c                0x00000000   Number         0  stm32f4xx_spi.o ABSOLUTE
    FWLib\src\stm32f4xx_syscfg.c             0x00000000   Number         0  stm32f4xx_syscfg.o ABSOLUTE
    FWLib\src\stm32f4xx_tim.c                0x00000000   Number         0  stm32f4xx_tim.o ABSOLUTE
    FWLib\src\stm32f4xx_usart.c              0x00000000   Number         0  stm32f4xx_usart.o ABSOLUTE
    FWLib\src\stm32f4xx_wwdg.c               0x00000000   Number         0  stm32f4xx_wwdg.o ABSOLUTE
    Interface\\flash_h.c                     0x00000000   Number         0  flash_h.o ABSOLUTE
    Interface\\flash_s.c                     0x00000000   Number         0  flash_s.o ABSOLUTE
    Interface\\m24c02_h.c                    0x00000000   Number         0  m24c02_h.o ABSOLUTE
    Interface\flash_h.c                      0x00000000   Number         0  flash_h.o ABSOLUTE
    Interface\flash_s.c                      0x00000000   Number         0  flash_s.o ABSOLUTE
    Interface\m24c02_h.c                     0x00000000   Number         0  m24c02_h.o ABSOLUTE
    User\\main.c                             0x00000000   Number         0  main.o ABSOLUTE
    User\\stm32f4xx_it.c                     0x00000000   Number         0  stm32f4xx_it.o ABSOLUTE
    User\\system_stm32f4xx.c                 0x00000000   Number         0  system_stm32f4xx.o ABSOLUTE
    User\main.c                              0x00000000   Number         0  main.o ABSOLUTE
    User\stm32f4xx_it.c                      0x00000000   Number         0  stm32f4xx_it.o ABSOLUTE
    User\system_stm32f4xx.c                  0x00000000   Number         0  system_stm32f4xx.o ABSOLUTE
    cdrcmple.s                               0x00000000   Number         0  cdrcmple.o ABSOLUTE
    dc.s                                     0x00000000   Number         0  dc.o ABSOLUTE
    handlers.s                               0x00000000   Number         0  handlers.o ABSOLUTE
    init.s                                   0x00000000   Number         0  init.o ABSOLUTE
    RESET                                    0x08000000   Section      392  startup_stm32f40_41xxx.o(RESET)
    .ARM.Collect$$$$00000000                 0x08000188   Section        0  entry.o(.ARM.Collect$$$$00000000)
    .ARM.Collect$$$$00000001                 0x08000188   Section        4  entry2.o(.ARM.Collect$$$$00000001)
    .ARM.Collect$$$$00000004                 0x0800018c   Section        4  entry5.o(.ARM.Collect$$$$00000004)
    .ARM.Collect$$$$00000008                 0x08000190   Section        0  entry7b.o(.ARM.Collect$$$$00000008)
    .ARM.Collect$$$$0000000A                 0x08000190   Section        0  entry8b.o(.ARM.Collect$$$$0000000A)
    .ARM.Collect$$$$0000000B                 0x08000190   Section        8  entry9a.o(.ARM.Collect$$$$0000000B)
    .ARM.Collect$$$$0000000E                 0x08000198   Section        4  entry12b.o(.ARM.Collect$$$$0000000E)
    .ARM.Collect$$$$0000000F                 0x0800019c   Section        0  entry10a.o(.ARM.Collect$$$$0000000F)
    .ARM.Collect$$$$00000011                 0x0800019c   Section        0  entry11a.o(.ARM.Collect$$$$00000011)
    .ARM.Collect$$$$00002712                 0x0800019c   Section        4  entry2.o(.ARM.Collect$$$$00002712)
    __lit__00000000                          0x0800019c   Data           4  entry2.o(.ARM.Collect$$$$00002712)
    .text                                    0x080001a0   Section       36  startup_stm32f40_41xxx.o(.text)
    $v0                                      0x080001a0   Number         0  startup_stm32f40_41xxx.o(.text)
    .text                                    0x080001c4   Section        0  dadd.o(.text)
    .text                                    0x08000312   Section        0  dmul.o(.text)
    .text                                    0x080003f6   Section        0  ddiv.o(.text)
    .text                                    0x080004d4   Section        0  dflti.o(.text)
    .text                                    0x080004f6   Section        0  dfltui.o(.text)
    .text                                    0x08000510   Section        0  dfixui.o(.text)
    .text                                    0x08000542   Section        0  uidiv.o(.text)
    .text                                    0x0800056e   Section        0  llshl.o(.text)
    .text                                    0x0800058c   Section        0  llushr.o(.text)
    .text                                    0x080005ac   Section        0  llsshr.o(.text)
    .text                                    0x080005d0   Section        0  iusefp.o(.text)
    .text                                    0x080005d0   Section        0  depilogue.o(.text)
    .text                                    0x0800068c   Section       36  init.o(.text)
    .text                                    0x080006b0   Section        0  dfixi.o(.text)
    i.BusFault_Handler                       0x080006ee   Section        0  stm32f4xx_it.o(i.BusFault_Handler)
    i.DMA2_Stream0_IRQHandler                0x080006f4   Section        0  adc_dma.o(i.DMA2_Stream0_IRQHandler)
    i.DMA2_Stream5_IRQHandler                0x08000714   Section        0  dma_uart.o(i.DMA2_Stream5_IRQHandler)
    i.DMA2_Stream7_IRQHandler                0x08000748   Section        0  dma_uart.o(i.DMA2_Stream7_IRQHandler)
    i.DebugMon_Handler                       0x08000778   Section        0  stm32f4xx_it.o(i.DebugMon_Handler)
    i.EXTI0_IRQHandler                       0x0800077c   Section        0  key_exti.o(i.EXTI0_IRQHandler)
    i.EXTI3_IRQHandler                       0x080007bc   Section        0  key_exti.o(i.EXTI3_IRQHandler)
    i.EXTI4_IRQHandler                       0x08000854   Section        0  key_exti.o(i.EXTI4_IRQHandler)
    i.FSMC_LCD_Init_                         0x080008ec   Section        0  fsmc_lcd.o(i.FSMC_LCD_Init_)
    i.HardFault_Handler                      0x08000d74   Section        0  stm32f4xx_it.o(i.HardFault_Handler)
    i.LCD_DRAW_LINE                          0x08000d78   Section        0  lcd.o(i.LCD_DRAW_LINE)
    i.LCD_DRAW_POINT                         0x08000eaa   Section        0  lcd.o(i.LCD_DRAW_POINT)
    i.LCD_FILL_CIRCLE                        0x08000ee0   Section        0  lcd.o(i.LCD_FILL_CIRCLE)
    i.LCD_RefreshConfig                      0x0800102c   Section        0  lcd.o(i.LCD_RefreshConfig)
    i.LCD_SET_AREA                           0x08001258   Section        0  lcd.o(i.LCD_SET_AREA)
    i.LCD_SHOW_ASCII                         0x080012b0   Section        0  lcd.o(i.LCD_SHOW_ASCII)
    i.LCD_SHOW_STRING                        0x080013bc   Section        0  lcd.o(i.LCD_SHOW_STRING)
    i.LCD_WRITE_CMD                          0x08001438   Section        0  lcd.o(i.LCD_WRITE_CMD)
    i.LCD_WRITE_DATA                         0x08001440   Section        0  lcd.o(i.LCD_WRITE_DATA)
    i.LED_OFF                                0x0800144c   Section        0  led.o(i.LED_OFF)
    i.LED_ON                                 0x0800145c   Section        0  led.o(i.LED_ON)
    i.LED_Toggle                             0x0800146c   Section        0  led.o(i.LED_Toggle)
    i.MemManage_Handler                      0x0800148c   Section        0  stm32f4xx_it.o(i.MemManage_Handler)
    i.NMI_Handler                            0x08001490   Section        0  stm32f4xx_it.o(i.NMI_Handler)
    i.PendSV_Handler                         0x08001492   Section        0  stm32f4xx_it.o(i.PendSV_Handler)
    i.SVC_Handler                            0x08001494   Section        0  stm32f4xx_it.o(i.SVC_Handler)
    i.SetSysClock                            0x08001498   Section        0  system_stm32f4xx.o(i.SetSysClock)
    SetSysClock                              0x08001499   Thumb Code   220  system_stm32f4xx.o(i.SetSysClock)
    i.SystemInit                             0x08001584   Section        0  system_stm32f4xx.o(i.SystemInit)
    i.TIM1_SetDutyCycle                      0x080015ec   Section        0  tim1.o(i.TIM1_SetDutyCycle)
    i.TIM1_UP_TIM10_IRQHandler               0x080015f8   Section        0  tim1.o(i.TIM1_UP_TIM10_IRQHandler)
    i.TIM6_DAC_IRQHandler                    0x08001620   Section        0  tim6.o(i.TIM6_DAC_IRQHandler)
    i.USART1_IRQHandler                      0x08001640   Section        0  usart.o(i.USART1_IRQHandler)
    i.USART_Init_                            0x08001694   Section        0  usart.o(i.USART_Init_)
    i.USART_String_tx                        0x08001814   Section        0  usart.o(i.USART_String_tx)
    i.USART_Transmit                         0x08001830   Section        0  usart.o(i.USART_Transmit)
    i.UsageFault_Handler                     0x08001848   Section        0  stm32f4xx_it.o(i.UsageFault_Handler)
    i.__0printf$3                            0x0800184c   Section        0  printf3.o(i.__0printf$3)
    i.__ARM_fpclassify                       0x0800186c   Section        0  fpclassify.o(i.__ARM_fpclassify)
    i.__hardfp_cos                           0x080018a0   Section        0  cos.o(i.__hardfp_cos)
    i.__hardfp_sin                           0x08001968   Section        0  sin.o(i.__hardfp_sin)
    i.__ieee754_rem_pio2                     0x08001a30   Section        0  rred.o(i.__ieee754_rem_pio2)
    i.__kernel_cos                           0x08001e68   Section        0  cos_i.o(i.__kernel_cos)
    i.__kernel_poly                          0x08001fd8   Section        0  poly.o(i.__kernel_poly)
    i.__kernel_sin                           0x080020d0   Section        0  sin_i.o(i.__kernel_sin)
    i.__mathlib_dbl_infnan                   0x08002200   Section        0  dunder.o(i.__mathlib_dbl_infnan)
    i.__mathlib_dbl_invalid                  0x08002218   Section        0  dunder.o(i.__mathlib_dbl_invalid)
    i.__mathlib_dbl_underflow                0x08002238   Section        0  dunder.o(i.__mathlib_dbl_underflow)
    i.__scatterload_copy                     0x08002258   Section       14  handlers.o(i.__scatterload_copy)
    i.__scatterload_null                     0x08002266   Section        2  handlers.o(i.__scatterload_null)
    i.__scatterload_zeroinit                 0x08002268   Section       14  handlers.o(i.__scatterload_zeroinit)
    i.__set_errno                            0x08002278   Section        0  errno.o(i.__set_errno)
    i._printf_core                           0x08002284   Section        0  printf3.o(i._printf_core)
    _printf_core                             0x08002285   Thumb Code   436  printf3.o(i._printf_core)
    i.delay_ms                               0x0800243c   Section        0  delay.o(i.delay_ms)
    i.delay_us                               0x08002454   Section        0  delay.o(i.delay_us)
    i.fabs                                   0x08002494   Section        0  fabs.o(i.fabs)
    i.fputc                                  0x080024ac   Section        0  usart.o(i.fputc)
    i.main                                   0x080024bc   Section        0  main.o(i.main)
    .constdata                               0x0800250c   Section    12160  lcdfont.o(.constdata)
    .constdata                               0x08005490   Section       48  cos_i.o(.constdata)
    C                                        0x08005490   Data          48  cos_i.o(.constdata)
    .constdata                               0x080054c0   Section      200  rred.o(.constdata)
    pio2s                                    0x080054c0   Data          48  rred.o(.constdata)
    twooverpi                                0x080054f0   Data         152  rred.o(.constdata)
    .constdata                               0x08005588   Section       40  sin_i.o(.constdata)
    S                                        0x08005588   Data          40  sin_i.o(.constdata)
    .data                                    0x20000000   Section        1  key_exti.o(.data)
    .data                                    0x20000001   Section        1  usart.o(.data)
    .data                                    0x20000004   Section        4  tim6.o(.data)
    .data                                    0x20000008   Section        1  dma_uart.o(.data)
    .data                                    0x2000000c   Section        4  stdout.o(.data)
    .data                                    0x20000010   Section        4  errno.o(.data)
    _errno                                   0x20000010   Data           4  errno.o(.data)
    .bss                                     0x20000014   Section      100  usart.o(.bss)
    STACK                                    0x20000078   Section     1024  startup_stm32f40_41xxx.o(STACK)

    Global Symbols

    Symbol Name                              Value     Ov Type        Size  Object(Section)

    BuildAttributes$$THM_ISAv4$E$P$D$K$B$S$7EM$VFPi3$EXTD16$VFPS$VFMA$PE$A:L22UL41UL21$X:L11$S22US41US21$IEEE1$IW$USESV6$~STKCKD$USESV7$~SHL$OTIME$ROPI$IEEEX$EBA8$MICROLIB$REQ8$PRES8$EABIv2 0x00000000   Number         0  anon$$obj.o ABSOLUTE
    __ARM_use_no_argv                        0x00000000   Number         0  main.o ABSOLUTE
    _printf_a                                0x00000000   Number         0  stubs.o ABSOLUTE
    _printf_c                                0x00000000   Number         0  stubs.o ABSOLUTE
    _printf_charcount                        0x00000000   Number         0  stubs.o ABSOLUTE
    _printf_d                                0x00000000   Number         0  stubs.o ABSOLUTE
    _printf_e                                0x00000000   Number         0  stubs.o ABSOLUTE
    _printf_f                                0x00000000   Number         0  stubs.o ABSOLUTE
    _printf_flags                            0x00000000   Number         0  stubs.o ABSOLUTE
    _printf_fp_dec                           0x00000000   Number         0  stubs.o ABSOLUTE
    _printf_fp_hex                           0x00000000   Number         0  stubs.o ABSOLUTE
    _printf_g                                0x00000000   Number         0  stubs.o ABSOLUTE
    _printf_i                                0x00000000   Number         0  stubs.o ABSOLUTE
    _printf_int_dec                          0x00000000   Number         0  stubs.o ABSOLUTE
    _printf_l                                0x00000000   Number         0  stubs.o ABSOLUTE
    _printf_lc                               0x00000000   Number         0  stubs.o ABSOLUTE
    _printf_ll                               0x00000000   Number         0  stubs.o ABSOLUTE
    _printf_lld                              0x00000000   Number         0  stubs.o ABSOLUTE
    _printf_lli                              0x00000000   Number         0  stubs.o ABSOLUTE
    _printf_llo                              0x00000000   Number         0  stubs.o ABSOLUTE
    _printf_llu                              0x00000000   Number         0  stubs.o ABSOLUTE
    _printf_llx                              0x00000000   Number         0  stubs.o ABSOLUTE
    _printf_longlong_dec                     0x00000000   Number         0  stubs.o ABSOLUTE
    _printf_longlong_hex                     0x00000000   Number         0  stubs.o ABSOLUTE
    _printf_longlong_oct                     0x00000000   Number         0  stubs.o ABSOLUTE
    _printf_ls                               0x00000000   Number         0  stubs.o ABSOLUTE
    _printf_mbtowc                           0x00000000   Number         0  stubs.o ABSOLUTE
    _printf_n                                0x00000000   Number         0  stubs.o ABSOLUTE
    _printf_o                                0x00000000   Number         0  stubs.o ABSOLUTE
    _printf_p                                0x00000000   Number         0  stubs.o ABSOLUTE
    _printf_percent                          0x00000000   Number         0  stubs.o ABSOLUTE
    _printf_pre_padding                      0x00000000   Number         0  stubs.o ABSOLUTE
    _printf_return_value                     0x00000000   Number         0  stubs.o ABSOLUTE
    _printf_s                                0x00000000   Number         0  stubs.o ABSOLUTE
    _printf_sizespec                         0x00000000   Number         0  stubs.o ABSOLUTE
    _printf_str                              0x00000000   Number         0  stubs.o ABSOLUTE
    _printf_truncate_signed                  0x00000000   Number         0  stubs.o ABSOLUTE
    _printf_truncate_unsigned                0x00000000   Number         0  stubs.o ABSOLUTE
    _printf_u                                0x00000000   Number         0  stubs.o ABSOLUTE
    _printf_wc                               0x00000000   Number         0  stubs.o ABSOLUTE
    _printf_wctomb                           0x00000000   Number         0  stubs.o ABSOLUTE
    _printf_widthprec                        0x00000000   Number         0  stubs.o ABSOLUTE
    _printf_x                                0x00000000   Number         0  stubs.o ABSOLUTE
    __arm_fini_                               - Undefined Weak Reference
    __cpp_initialize__aeabi_                  - Undefined Weak Reference
    __cxa_finalize                            - Undefined Weak Reference
    __decompress                              - Undefined Weak Reference
    _clock_init                               - Undefined Weak Reference
    _microlib_exit                            - Undefined Weak Reference
    __Vectors_Size                           0x00000188   Number         0  startup_stm32f40_41xxx.o ABSOLUTE
    __Vectors                                0x08000000   Data           4  startup_stm32f40_41xxx.o(RESET)
    __Vectors_End                            0x08000188   Data           0  startup_stm32f40_41xxx.o(RESET)
    __main                                   0x08000189   Thumb Code     0  entry.o(.ARM.Collect$$$$00000000)
    _main_stk                                0x08000189   Thumb Code     0  entry2.o(.ARM.Collect$$$$00000001)
    _main_scatterload                        0x0800018d   Thumb Code     0  entry5.o(.ARM.Collect$$$$00000004)
    __main_after_scatterload                 0x08000191   Thumb Code     0  entry5.o(.ARM.Collect$$$$00000004)
    _main_clock                              0x08000191   Thumb Code     0  entry7b.o(.ARM.Collect$$$$00000008)
    _main_cpp_init                           0x08000191   Thumb Code     0  entry8b.o(.ARM.Collect$$$$0000000A)
    _main_init                               0x08000191   Thumb Code     0  entry9a.o(.ARM.Collect$$$$0000000B)
    __rt_lib_shutdown_fini                   0x08000199   Thumb Code     0  entry12b.o(.ARM.Collect$$$$0000000E)
    __rt_final_cpp                           0x0800019d   Thumb Code     0  entry10a.o(.ARM.Collect$$$$0000000F)
    __rt_final_exit                          0x0800019d   Thumb Code     0  entry11a.o(.ARM.Collect$$$$00000011)
    Reset_Handler                            0x080001a1   Thumb Code     8  startup_stm32f40_41xxx.o(.text)
    SysTick_Handler                          0x080001b9   Thumb Code     2  startup_stm32f40_41xxx.o(.text)
    ADC_IRQHandler                           0x080001bb   Thumb Code     0  startup_stm32f40_41xxx.o(.text)
    CAN1_RX0_IRQHandler                      0x080001bb   Thumb Code     0  startup_stm32f40_41xxx.o(.text)
    CAN1_RX1_IRQHandler                      0x080001bb   Thumb Code     0  startup_stm32f40_41xxx.o(.text)
    CAN1_SCE_IRQHandler                      0x080001bb   Thumb Code     0  startup_stm32f40_41xxx.o(.text)
    CAN1_TX_IRQHandler                       0x080001bb   Thumb Code     0  startup_stm32f40_41xxx.o(.text)
    CAN2_RX0_IRQHandler                      0x080001bb   Thumb Code     0  startup_stm32f40_41xxx.o(.text)
    CAN2_RX1_IRQHandler                      0x080001bb   Thumb Code     0  startup_stm32f40_41xxx.o(.text)
    CAN2_SCE_IRQHandler                      0x080001bb   Thumb Code     0  startup_stm32f40_41xxx.o(.text)
    CAN2_TX_IRQHandler                       0x080001bb   Thumb Code     0  startup_stm32f40_41xxx.o(.text)
    CRYP_IRQHandler                          0x080001bb   Thumb Code     0  startup_stm32f40_41xxx.o(.text)
    DCMI_IRQHandler                          0x080001bb   Thumb Code     0  startup_stm32f40_41xxx.o(.text)
    DMA1_Stream0_IRQHandler                  0x080001bb   Thumb Code     0  startup_stm32f40_41xxx.o(.text)
    DMA1_Stream1_IRQHandler                  0x080001bb   Thumb Code     0  startup_stm32f40_41xxx.o(.text)
    DMA1_Stream2_IRQHandler                  0x080001bb   Thumb Code     0  startup_stm32f40_41xxx.o(.text)
    DMA1_Stream3_IRQHandler                  0x080001bb   Thumb Code     0  startup_stm32f40_41xxx.o(.text)
    DMA1_Stream4_IRQHandler                  0x080001bb   Thumb Code     0  startup_stm32f40_41xxx.o(.text)
    DMA1_Stream5_IRQHandler                  0x080001bb   Thumb Code     0  startup_stm32f40_41xxx.o(.text)
    DMA1_Stream6_IRQHandler                  0x080001bb   Thumb Code     0  startup_stm32f40_41xxx.o(.text)
    DMA1_Stream7_IRQHandler                  0x080001bb   Thumb Code     0  startup_stm32f40_41xxx.o(.text)
    DMA2_Stream1_IRQHandler                  0x080001bb   Thumb Code     0  startup_stm32f40_41xxx.o(.text)
    DMA2_Stream2_IRQHandler                  0x080001bb   Thumb Code     0  startup_stm32f40_41xxx.o(.text)
    DMA2_Stream3_IRQHandler                  0x080001bb   Thumb Code     0  startup_stm32f40_41xxx.o(.text)
    DMA2_Stream4_IRQHandler                  0x080001bb   Thumb Code     0  startup_stm32f40_41xxx.o(.text)
    DMA2_Stream6_IRQHandler                  0x080001bb   Thumb Code     0  startup_stm32f40_41xxx.o(.text)
    ETH_IRQHandler                           0x080001bb   Thumb Code     0  startup_stm32f40_41xxx.o(.text)
    ETH_WKUP_IRQHandler                      0x080001bb   Thumb Code     0  startup_stm32f40_41xxx.o(.text)
    EXTI15_10_IRQHandler                     0x080001bb   Thumb Code     0  startup_stm32f40_41xxx.o(.text)
    EXTI1_IRQHandler                         0x080001bb   Thumb Code     0  startup_stm32f40_41xxx.o(.text)
    EXTI2_IRQHandler                         0x080001bb   Thumb Code     0  startup_stm32f40_41xxx.o(.text)
    EXTI9_5_IRQHandler                       0x080001bb   Thumb Code     0  startup_stm32f40_41xxx.o(.text)
    FLASH_IRQHandler                         0x080001bb   Thumb Code     0  startup_stm32f40_41xxx.o(.text)
    FPU_IRQHandler                           0x080001bb   Thumb Code     0  startup_stm32f40_41xxx.o(.text)
    FSMC_IRQHandler                          0x080001bb   Thumb Code     0  startup_stm32f40_41xxx.o(.text)
    HASH_RNG_IRQHandler                      0x080001bb   Thumb Code     0  startup_stm32f40_41xxx.o(.text)
    I2C1_ER_IRQHandler                       0x080001bb   Thumb Code     0  startup_stm32f40_41xxx.o(.text)
    I2C1_EV_IRQHandler                       0x080001bb   Thumb Code     0  startup_stm32f40_41xxx.o(.text)
    I2C2_ER_IRQHandler                       0x080001bb   Thumb Code     0  startup_stm32f40_41xxx.o(.text)
    I2C2_EV_IRQHandler                       0x080001bb   Thumb Code     0  startup_stm32f40_41xxx.o(.text)
    I2C3_ER_IRQHandler                       0x080001bb   Thumb Code     0  startup_stm32f40_41xxx.o(.text)
    I2C3_EV_IRQHandler                       0x080001bb   Thumb Code     0  startup_stm32f40_41xxx.o(.text)
    OTG_FS_IRQHandler                        0x080001bb   Thumb Code     0  startup_stm32f40_41xxx.o(.text)
    OTG_FS_WKUP_IRQHandler                   0x080001bb   Thumb Code     0  startup_stm32f40_41xxx.o(.text)
    OTG_HS_EP1_IN_IRQHandler                 0x080001bb   Thumb Code     0  startup_stm32f40_41xxx.o(.text)
    OTG_HS_EP1_OUT_IRQHandler                0x080001bb   Thumb Code     0  startup_stm32f40_41xxx.o(.text)
    OTG_HS_IRQHandler                        0x080001bb   Thumb Code     0  startup_stm32f40_41xxx.o(.text)
    OTG_HS_WKUP_IRQHandler                   0x080001bb   Thumb Code     0  startup_stm32f40_41xxx.o(.text)
    PVD_IRQHandler                           0x080001bb   Thumb Code     0  startup_stm32f40_41xxx.o(.text)
    RCC_IRQHandler                           0x080001bb   Thumb Code     0  startup_stm32f40_41xxx.o(.text)
    RTC_Alarm_IRQHandler                     0x080001bb   Thumb Code     0  startup_stm32f40_41xxx.o(.text)
    RTC_WKUP_IRQHandler                      0x080001bb   Thumb Code     0  startup_stm32f40_41xxx.o(.text)
    SDIO_IRQHandler                          0x080001bb   Thumb Code     0  startup_stm32f40_41xxx.o(.text)
    SPI1_IRQHandler                          0x080001bb   Thumb Code     0  startup_stm32f40_41xxx.o(.text)
    SPI2_IRQHandler                          0x080001bb   Thumb Code     0  startup_stm32f40_41xxx.o(.text)
    SPI3_IRQHandler                          0x080001bb   Thumb Code     0  startup_stm32f40_41xxx.o(.text)
    TAMP_STAMP_IRQHandler                    0x080001bb   Thumb Code     0  startup_stm32f40_41xxx.o(.text)
    TIM1_BRK_TIM9_IRQHandler                 0x080001bb   Thumb Code     0  startup_stm32f40_41xxx.o(.text)
    TIM1_CC_IRQHandler                       0x080001bb   Thumb Code     0  startup_stm32f40_41xxx.o(.text)
    TIM1_TRG_COM_TIM11_IRQHandler            0x080001bb   Thumb Code     0  startup_stm32f40_41xxx.o(.text)
    TIM2_IRQHandler                          0x080001bb   Thumb Code     0  startup_stm32f40_41xxx.o(.text)
    TIM3_IRQHandler                          0x080001bb   Thumb Code     0  startup_stm32f40_41xxx.o(.text)
    TIM4_IRQHandler                          0x080001bb   Thumb Code     0  startup_stm32f40_41xxx.o(.text)
    TIM5_IRQHandler                          0x080001bb   Thumb Code     0  startup_stm32f40_41xxx.o(.text)
    TIM7_IRQHandler                          0x080001bb   Thumb Code     0  startup_stm32f40_41xxx.o(.text)
    TIM8_BRK_TIM12_IRQHandler                0x080001bb   Thumb Code     0  startup_stm32f40_41xxx.o(.text)
    TIM8_CC_IRQHandler                       0x080001bb   Thumb Code     0  startup_stm32f40_41xxx.o(.text)
    TIM8_TRG_COM_TIM14_IRQHandler            0x080001bb   Thumb Code     0  startup_stm32f40_41xxx.o(.text)
    TIM8_UP_TIM13_IRQHandler                 0x080001bb   Thumb Code     0  startup_stm32f40_41xxx.o(.text)
    UART4_IRQHandler                         0x080001bb   Thumb Code     0  startup_stm32f40_41xxx.o(.text)
    UART5_IRQHandler                         0x080001bb   Thumb Code     0  startup_stm32f40_41xxx.o(.text)
    USART2_IRQHandler                        0x080001bb   Thumb Code     0  startup_stm32f40_41xxx.o(.text)
    USART3_IRQHandler                        0x080001bb   Thumb Code     0  startup_stm32f40_41xxx.o(.text)
    USART6_IRQHandler                        0x080001bb   Thumb Code     0  startup_stm32f40_41xxx.o(.text)
    WWDG_IRQHandler                          0x080001bb   Thumb Code     0  startup_stm32f40_41xxx.o(.text)
    __aeabi_dadd                             0x080001c5   Thumb Code   322  dadd.o(.text)
    __aeabi_dsub                             0x08000307   Thumb Code     6  dadd.o(.text)
    __aeabi_drsub                            0x0800030d   Thumb Code     6  dadd.o(.text)
    __aeabi_dmul                             0x08000313   Thumb Code   228  dmul.o(.text)
    __aeabi_ddiv                             0x080003f7   Thumb Code   222  ddiv.o(.text)
    __aeabi_i2d                              0x080004d5   Thumb Code    34  dflti.o(.text)
    __aeabi_ui2d                             0x080004f7   Thumb Code    26  dfltui.o(.text)
    __aeabi_d2uiz                            0x08000511   Thumb Code    50  dfixui.o(.text)
    __aeabi_uidiv                            0x08000543   Thumb Code     0  uidiv.o(.text)
    __aeabi_uidivmod                         0x08000543   Thumb Code    44  uidiv.o(.text)
    __aeabi_llsl                             0x0800056f   Thumb Code    30  llshl.o(.text)
    _ll_shift_l                              0x0800056f   Thumb Code     0  llshl.o(.text)
    __aeabi_llsr                             0x0800058d   Thumb Code    32  llushr.o(.text)
    _ll_ushift_r                             0x0800058d   Thumb Code     0  llushr.o(.text)
    __aeabi_lasr                             0x080005ad   Thumb Code    36  llsshr.o(.text)
    _ll_sshift_r                             0x080005ad   Thumb Code     0  llsshr.o(.text)
    __I$use$fp                               0x080005d1   Thumb Code     0  iusefp.o(.text)
    _double_round                            0x080005d1   Thumb Code    30  depilogue.o(.text)
    _double_epilogue                         0x080005ef   Thumb Code   156  depilogue.o(.text)
    __scatterload                            0x0800068d   Thumb Code    28  init.o(.text)
    __scatterload_rt2                        0x0800068d   Thumb Code     0  init.o(.text)
    __aeabi_d2iz                             0x080006b1   Thumb Code    62  dfixi.o(.text)
    BusFault_Handler                         0x080006ef   Thumb Code     4  stm32f4xx_it.o(i.BusFault_Handler)
    DMA2_Stream0_IRQHandler                  0x080006f5   Thumb Code    28  adc_dma.o(i.DMA2_Stream0_IRQHandler)
    DMA2_Stream5_IRQHandler                  0x08000715   Thumb Code    40  dma_uart.o(i.DMA2_Stream5_IRQHandler)
    DMA2_Stream7_IRQHandler                  0x08000749   Thumb Code    44  dma_uart.o(i.DMA2_Stream7_IRQHandler)
    DebugMon_Handler                         0x08000779   Thumb Code     2  stm32f4xx_it.o(i.DebugMon_Handler)
    EXTI0_IRQHandler                         0x0800077d   Thumb Code    54  key_exti.o(i.EXTI0_IRQHandler)
    EXTI3_IRQHandler                         0x080007bd   Thumb Code   102  key_exti.o(i.EXTI3_IRQHandler)
    EXTI4_IRQHandler                         0x08000855   Thumb Code   102  key_exti.o(i.EXTI4_IRQHandler)
    FSMC_LCD_Init_                           0x080008ed   Thumb Code  1160  fsmc_lcd.o(i.FSMC_LCD_Init_)
    HardFault_Handler                        0x08000d75   Thumb Code     4  stm32f4xx_it.o(i.HardFault_Handler)
    LCD_DRAW_LINE                            0x08000d79   Thumb Code   306  lcd.o(i.LCD_DRAW_LINE)
    LCD_DRAW_POINT                           0x08000eab   Thumb Code    52  lcd.o(i.LCD_DRAW_POINT)
    LCD_FILL_CIRCLE                          0x08000ee1   Thumb Code   314  lcd.o(i.LCD_FILL_CIRCLE)
    LCD_RefreshConfig                        0x0800102d   Thumb Code   556  lcd.o(i.LCD_RefreshConfig)
    LCD_SET_AREA                             0x08001259   Thumb Code    88  lcd.o(i.LCD_SET_AREA)
    LCD_SHOW_ASCII                           0x080012b1   Thumb Code   250  lcd.o(i.LCD_SHOW_ASCII)
    LCD_SHOW_STRING                          0x080013bd   Thumb Code   124  lcd.o(i.LCD_SHOW_STRING)
    LCD_WRITE_CMD                            0x08001439   Thumb Code     8  lcd.o(i.LCD_WRITE_CMD)
    LCD_WRITE_DATA                           0x08001441   Thumb Code     6  lcd.o(i.LCD_WRITE_DATA)
    LED_OFF                                  0x0800144d   Thumb Code    12  led.o(i.LED_OFF)
    LED_ON                                   0x0800145d   Thumb Code    12  led.o(i.LED_ON)
    LED_Toggle                               0x0800146d   Thumb Code    28  led.o(i.LED_Toggle)
    MemManage_Handler                        0x0800148d   Thumb Code     4  stm32f4xx_it.o(i.MemManage_Handler)
    NMI_Handler                              0x08001491   Thumb Code     2  stm32f4xx_it.o(i.NMI_Handler)
    PendSV_Handler                           0x08001493   Thumb Code     2  stm32f4xx_it.o(i.PendSV_Handler)
    SVC_Handler                              0x08001495   Thumb Code     2  stm32f4xx_it.o(i.SVC_Handler)
    SystemInit                               0x08001585   Thumb Code    88  system_stm32f4xx.o(i.SystemInit)
    TIM1_SetDutyCycle                        0x080015ed   Thumb Code     6  tim1.o(i.TIM1_SetDutyCycle)
    TIM1_UP_TIM10_IRQHandler                 0x080015f9   Thumb Code    34  tim1.o(i.TIM1_UP_TIM10_IRQHandler)
    TIM6_DAC_IRQHandler                      0x08001621   Thumb Code    24  tim6.o(i.TIM6_DAC_IRQHandler)
    USART1_IRQHandler                        0x08001641   Thumb Code    72  usart.o(i.USART1_IRQHandler)
    USART_Init_                              0x08001695   Thumb Code   358  usart.o(i.USART_Init_)
    USART_String_tx                          0x08001815   Thumb Code    26  usart.o(i.USART_String_tx)
    USART_Transmit                           0x08001831   Thumb Code    20  usart.o(i.USART_Transmit)
    UsageFault_Handler                       0x08001849   Thumb Code     4  stm32f4xx_it.o(i.UsageFault_Handler)
    __0printf$3                              0x0800184d   Thumb Code    22  printf3.o(i.__0printf$3)
    __1printf$3                              0x0800184d   Thumb Code     0  printf3.o(i.__0printf$3)
    __2printf                                0x0800184d   Thumb Code     0  printf3.o(i.__0printf$3)
    __ARM_fpclassify                         0x0800186d   Thumb Code    48  fpclassify.o(i.__ARM_fpclassify)
    __hardfp_cos                             0x080018a1   Thumb Code   180  cos.o(i.__hardfp_cos)
    __hardfp_sin                             0x08001969   Thumb Code   180  sin.o(i.__hardfp_sin)
    __ieee754_rem_pio2                       0x08001a31   Thumb Code   938  rred.o(i.__ieee754_rem_pio2)
    __kernel_cos                             0x08001e69   Thumb Code   322  cos_i.o(i.__kernel_cos)
    __kernel_poly                            0x08001fd9   Thumb Code   248  poly.o(i.__kernel_poly)
    __kernel_sin                             0x080020d1   Thumb Code   280  sin_i.o(i.__kernel_sin)
    __mathlib_dbl_infnan                     0x08002201   Thumb Code    20  dunder.o(i.__mathlib_dbl_infnan)
    __mathlib_dbl_invalid                    0x08002219   Thumb Code    24  dunder.o(i.__mathlib_dbl_invalid)
    __mathlib_dbl_underflow                  0x08002239   Thumb Code    24  dunder.o(i.__mathlib_dbl_underflow)
    __scatterload_copy                       0x08002259   Thumb Code    14  handlers.o(i.__scatterload_copy)
    __scatterload_null                       0x08002267   Thumb Code     2  handlers.o(i.__scatterload_null)
    __scatterload_zeroinit                   0x08002269   Thumb Code    14  handlers.o(i.__scatterload_zeroinit)
    __set_errno                              0x08002279   Thumb Code     6  errno.o(i.__set_errno)
    delay_ms                                 0x0800243d   Thumb Code    24  delay.o(i.delay_ms)
    delay_us                                 0x08002455   Thumb Code    64  delay.o(i.delay_us)
    fabs                                     0x08002495   Thumb Code    24  fabs.o(i.fabs)
    fputc                                    0x080024ad   Thumb Code    16  usart.o(i.fputc)
    main                                     0x080024bd   Thumb Code    56  main.o(i.main)
    asc2_1206                                0x0800250c   Data        1140  lcdfont.o(.constdata)
    asc2_1608                                0x08002980   Data        1520  lcdfont.o(.constdata)
    asc2_2412                                0x08002f70   Data        3420  lcdfont.o(.constdata)
    asc2_3216                                0x08003ccc   Data        6080  lcdfont.o(.constdata)
    Region$$Table$$Base                      0x080055b0   Number         0  anon$$obj.o(Region$$Table)
    Region$$Table$$Limit                     0x080055d0   Number         0  anon$$obj.o(Region$$Table)
    dutycycle                                0x20000000   Data           1  key_exti.o(.data)
    size                                     0x20000001   Data           1  usart.o(.data)
    Count                                    0x20000004   Data           4  tim6.o(.data)
    data                                     0x20000008   Data           1  dma_uart.o(.data)
    __stdout                                 0x2000000c   Data           4  stdout.o(.data)
    buffer                                   0x20000014   Data         100  usart.o(.bss)
    __initial_sp                             0x20000478   Data           0  startup_stm32f40_41xxx.o(STACK)



==============================================================================

Memory Map of the image

  Image Entry point : 0x08000189

  Load Region LR_IROM1 (Base: 0x08000000, Size: 0x000055e4, Max: 0x00100000, ABSOLUTE)

    Execution Region ER_IROM1 (Exec base: 0x08000000, Load base: 0x08000000, Size: 0x000055d0, Max: 0x00100000, ABSOLUTE)

    Exec Addr    Load Addr    Size         Type   Attr      Idx    E Section Name        Object

    0x08000000   0x08000000   0x00000188   Data   RO          297    RESET               startup_stm32f40_41xxx.o
    0x08000188   0x08000188   0x00000000   Code   RO         6408  * .ARM.Collect$$$$00000000  mc_w.l(entry.o)
    0x08000188   0x08000188   0x00000004   Code   RO         6712    .ARM.Collect$$$$00000001  mc_w.l(entry2.o)
    0x0800018c   0x0800018c   0x00000004   Code   RO         6715    .ARM.Collect$$$$00000004  mc_w.l(entry5.o)
    0x08000190   0x08000190   0x00000000   Code   RO         6717    .ARM.Collect$$$$00000008  mc_w.l(entry7b.o)
    0x08000190   0x08000190   0x00000000   Code   RO         6719    .ARM.Collect$$$$0000000A  mc_w.l(entry8b.o)
    0x08000190   0x08000190   0x00000008   Code   RO         6720    .ARM.Collect$$$$0000000B  mc_w.l(entry9a.o)
    0x08000198   0x08000198   0x00000004   Code   RO         6727    .ARM.Collect$$$$0000000E  mc_w.l(entry12b.o)
    0x0800019c   0x0800019c   0x00000000   Code   RO         6722    .ARM.Collect$$$$0000000F  mc_w.l(entry10a.o)
    0x0800019c   0x0800019c   0x00000000   Code   RO         6724    .ARM.Collect$$$$00000011  mc_w.l(entry11a.o)
    0x0800019c   0x0800019c   0x00000004   Code   RO         6713    .ARM.Collect$$$$00002712  mc_w.l(entry2.o)
    0x080001a0   0x080001a0   0x00000024   Code   RO          298    .text               startup_stm32f40_41xxx.o
    0x080001c4   0x080001c4   0x0000014e   Code   RO         6672    .text               mf_w.l(dadd.o)
    0x08000312   0x08000312   0x000000e4   Code   RO         6674    .text               mf_w.l(dmul.o)
    0x080003f6   0x080003f6   0x000000de   Code   RO         6676    .text               mf_w.l(ddiv.o)
    0x080004d4   0x080004d4   0x00000022   Code   RO         6678    .text               mf_w.l(dflti.o)
    0x080004f6   0x080004f6   0x0000001a   Code   RO         6680    .text               mf_w.l(dfltui.o)
    0x08000510   0x08000510   0x00000032   Code   RO         6682    .text               mf_w.l(dfixui.o)
    0x08000542   0x08000542   0x0000002c   Code   RO         6729    .text               mc_w.l(uidiv.o)
    0x0800056e   0x0800056e   0x0000001e   Code   RO         6733    .text               mc_w.l(llshl.o)
    0x0800058c   0x0800058c   0x00000020   Code   RO         6735    .text               mc_w.l(llushr.o)
    0x080005ac   0x080005ac   0x00000024   Code   RO         6737    .text               mc_w.l(llsshr.o)
    0x080005d0   0x080005d0   0x00000000   Code   RO         6746    .text               mc_w.l(iusefp.o)
    0x080005d0   0x080005d0   0x000000ba   Code   RO         6747    .text               mf_w.l(depilogue.o)
    0x0800068a   0x0800068a   0x00000002   PAD
    0x0800068c   0x0800068c   0x00000024   Code   RO         6765    .text               mc_w.l(init.o)
    0x080006b0   0x080006b0   0x0000003e   Code   RO         6767    .text               mf_w.l(dfixi.o)
    0x080006ee   0x080006ee   0x00000004   Code   RO            4    i.BusFault_Handler  stm32f4xx_it.o
    0x080006f2   0x080006f2   0x00000002   PAD
    0x080006f4   0x080006f4   0x00000020   Code   RO         5871    i.DMA2_Stream0_IRQHandler  adc_dma.o
    0x08000714   0x08000714   0x00000034   Code   RO         5815    i.DMA2_Stream5_IRQHandler  dma_uart.o
    0x08000748   0x08000748   0x00000030   Code   RO         5816    i.DMA2_Stream7_IRQHandler  dma_uart.o
    0x08000778   0x08000778   0x00000002   Code   RO            5    i.DebugMon_Handler  stm32f4xx_it.o
    0x0800077a   0x0800077a   0x00000002   PAD
    0x0800077c   0x0800077c   0x00000040   Code   RO         5439    i.EXTI0_IRQHandler  key_exti.o
    0x080007bc   0x080007bc   0x00000098   Code   RO         5440    i.EXTI3_IRQHandler  key_exti.o
    0x08000854   0x08000854   0x00000098   Code   RO         5441    i.EXTI4_IRQHandler  key_exti.o
    0x080008ec   0x080008ec   0x00000488   Code   RO         6028    i.FSMC_LCD_Init_    fsmc_lcd.o
    0x08000d74   0x08000d74   0x00000004   Code   RO            6    i.HardFault_Handler  stm32f4xx_it.o
    0x08000d78   0x08000d78   0x00000132   Code   RO         6056    i.LCD_DRAW_LINE     lcd.o
    0x08000eaa   0x08000eaa   0x00000034   Code   RO         6057    i.LCD_DRAW_POINT    lcd.o
    0x08000ede   0x08000ede   0x00000002   PAD
    0x08000ee0   0x08000ee0   0x0000014c   Code   RO         6058    i.LCD_FILL_CIRCLE   lcd.o
    0x0800102c   0x0800102c   0x0000022c   Code   RO         6065    i.LCD_RefreshConfig  lcd.o
    0x08001258   0x08001258   0x00000058   Code   RO         6066    i.LCD_SET_AREA      lcd.o
    0x080012b0   0x080012b0   0x0000010c   Code   RO         6067    i.LCD_SHOW_ASCII    lcd.o
    0x080013bc   0x080013bc   0x0000007c   Code   RO         6068    i.LCD_SHOW_STRING   lcd.o
    0x08001438   0x08001438   0x00000008   Code   RO         6069    i.LCD_WRITE_CMD     lcd.o
    0x08001440   0x08001440   0x0000000c   Code   RO         6070    i.LCD_WRITE_DATA    lcd.o
    0x0800144c   0x0800144c   0x00000010   Code   RO         5350    i.LED_OFF           led.o
    0x0800145c   0x0800145c   0x00000010   Code   RO         5352    i.LED_ON            led.o
    0x0800146c   0x0800146c   0x00000020   Code   RO         5354    i.LED_Toggle        led.o
    0x0800148c   0x0800148c   0x00000004   Code   RO            7    i.MemManage_Handler  stm32f4xx_it.o
    0x08001490   0x08001490   0x00000002   Code   RO            8    i.NMI_Handler       stm32f4xx_it.o
    0x08001492   0x08001492   0x00000002   Code   RO            9    i.PendSV_Handler    stm32f4xx_it.o
    0x08001494   0x08001494   0x00000002   Code   RO           10    i.SVC_Handler       stm32f4xx_it.o
    0x08001496   0x08001496   0x00000002   PAD
    0x08001498   0x08001498   0x000000ec   Code   RO          180    i.SetSysClock       system_stm32f4xx.o
    0x08001584   0x08001584   0x00000068   Code   RO          182    i.SystemInit        system_stm32f4xx.o
    0x080015ec   0x080015ec   0x0000000c   Code   RO         5699    i.TIM1_SetDutyCycle  tim1.o
    0x080015f8   0x080015f8   0x00000028   Code   RO         5700    i.TIM1_UP_TIM10_IRQHandler  tim1.o
    0x08001620   0x08001620   0x00000020   Code   RO         5617    i.TIM6_DAC_IRQHandler  tim6.o
    0x08001640   0x08001640   0x00000054   Code   RO         5490    i.USART1_IRQHandler  usart.o
    0x08001694   0x08001694   0x00000180   Code   RO         5491    i.USART_Init_       usart.o
    0x08001814   0x08001814   0x0000001a   Code   RO         5492    i.USART_String_tx   usart.o
    0x0800182e   0x0800182e   0x00000002   PAD
    0x08001830   0x08001830   0x00000018   Code   RO         5493    i.USART_Transmit    usart.o
    0x08001848   0x08001848   0x00000004   Code   RO           11    i.UsageFault_Handler  stm32f4xx_it.o
    0x0800184c   0x0800184c   0x00000020   Code   RO         6500    i.__0printf$3       mc_w.l(printf3.o)
    0x0800186c   0x0800186c   0x00000030   Code   RO         6761    i.__ARM_fpclassify  m_wm.l(fpclassify.o)
    0x0800189c   0x0800189c   0x00000004   PAD
    0x080018a0   0x080018a0   0x000000c8   Code   RO         6384    i.__hardfp_cos      m_wm.l(cos.o)
    0x08001968   0x08001968   0x000000c8   Code   RO         6396    i.__hardfp_sin      m_wm.l(sin.o)
    0x08001a30   0x08001a30   0x00000438   Code   RO         6701    i.__ieee754_rem_pio2  m_wm.l(rred.o)
    0x08001e68   0x08001e68   0x00000170   Code   RO         6684    i.__kernel_cos      m_wm.l(cos_i.o)
    0x08001fd8   0x08001fd8   0x000000f8   Code   RO         6763    i.__kernel_poly     m_wm.l(poly.o)
    0x080020d0   0x080020d0   0x00000130   Code   RO         6706    i.__kernel_sin      m_wm.l(sin_i.o)
    0x08002200   0x08002200   0x00000014   Code   RO         6688    i.__mathlib_dbl_infnan  m_wm.l(dunder.o)
    0x08002214   0x08002214   0x00000004   PAD
    0x08002218   0x08002218   0x00000020   Code   RO         6690    i.__mathlib_dbl_invalid  m_wm.l(dunder.o)
    0x08002238   0x08002238   0x00000020   Code   RO         6693    i.__mathlib_dbl_underflow  m_wm.l(dunder.o)
    0x08002258   0x08002258   0x0000000e   Code   RO         6771    i.__scatterload_copy  mc_w.l(handlers.o)
    0x08002266   0x08002266   0x00000002   Code   RO         6772    i.__scatterload_null  mc_w.l(handlers.o)
    0x08002268   0x08002268   0x0000000e   Code   RO         6773    i.__scatterload_zeroinit  mc_w.l(handlers.o)
    0x08002276   0x08002276   0x00000002   PAD
    0x08002278   0x08002278   0x0000000c   Code   RO         6741    i.__set_errno       mc_w.l(errno.o)
    0x08002284   0x08002284   0x000001b8   Code   RO         6507    i._printf_core      mc_w.l(printf3.o)
    0x0800243c   0x0800243c   0x00000018   Code   RO         5310    i.delay_ms          delay.o
    0x08002454   0x08002454   0x00000040   Code   RO         5312    i.delay_us          delay.o
    0x08002494   0x08002494   0x00000018   Code   RO         6757    i.fabs              m_wm.l(fabs.o)
    0x080024ac   0x080024ac   0x00000010   Code   RO         5494    i.fputc             usart.o
    0x080024bc   0x080024bc   0x00000050   Code   RO          221    i.main              main.o
    0x0800250c   0x0800250c   0x00002f80   Data   RO         6173    .constdata          lcdfont.o
    0x0800548c   0x0800548c   0x00000004   PAD
    0x08005490   0x08005490   0x00000030   Data   RO         6685    .constdata          m_wm.l(cos_i.o)
    0x080054c0   0x080054c0   0x000000c8   Data   RO         6703    .constdata          m_wm.l(rred.o)
    0x08005588   0x08005588   0x00000028   Data   RO         6707    .constdata          m_wm.l(sin_i.o)
    0x080055b0   0x080055b0   0x00000020   Data   RO         6769    Region$$Table       anon$$obj.o


    Execution Region RW_IRAM1 (Exec base: 0x20000000, Load base: 0x080055d0, Size: 0x00000478, Max: 0x00020000, ABSOLUTE)

    Exec Addr    Load Addr    Size         Type   Attr      Idx    E Section Name        Object

    0x20000000   0x080055d0   0x00000001   Data   RW         5443    .data               key_exti.o
    0x20000001   0x080055d1   0x00000001   Data   RW         5496    .data               usart.o
    0x20000002   0x080055d2   0x00000002   PAD
    0x20000004   0x080055d4   0x00000004   Data   RW         5621    .data               tim6.o
    0x20000008   0x080055d8   0x00000001   Data   RW         5820    .data               dma_uart.o
    0x20000009   0x080055d9   0x00000003   PAD
    0x2000000c   0x080055dc   0x00000004   Data   RW         6728    .data               mc_w.l(stdout.o)
    0x20000010   0x080055e0   0x00000004   Data   RW         6742    .data               mc_w.l(errno.o)
    0x20000014        -       0x00000064   Zero   RW         5495    .bss                usart.o
    0x20000078        -       0x00000400   Zero   RW          295    STACK               startup_stm32f40_41xxx.o


==============================================================================

Image component sizes


      Code (inc. data)   RO Data    RW Data    ZI Data      Debug   Object Name

        32          4          0          0          0        474   adc_dma.o
        88          0          0          0          0        998   delay.o
       100         16          0          1          0       1447   dma_uart.o
      1160         72          0          0          0        821   fsmc_lcd.o
       368        110          0          1          0       1877   key_exti.o
      1746         42          0          0          0       7826   lcd.o
         0          0      12160          0          0        662   lcdfont.o
        64         12          0          0          0       1440   led.o
        80         24          0          0          0       1711   main.o
        36          8        392          0       1024        824   startup_stm32f40_41xxx.o
        24          0          0          0          0       8160   stm32f4xx_it.o
       340         32          0          0          0       1481   system_stm32f4xx.o
        52         12          0          0          0        963   tim1.o
        32          8          0          4          0        898   tim6.o
       534         42          0          1        100       3375   usart.o

    ----------------------------------------------------------------------
      4666        382      12588         12       1124      32957   Object Totals
         0          0         32          0          0          0   (incl. Generated)
        10          0          4          5          0          0   (incl. Padding)

    ----------------------------------------------------------------------

      Code (inc. data)   RO Data    RW Data    ZI Data      Debug   Library Member Name

       200         20          0          0          0        164   cos.o
       368         46         48          0          0        200   cos_i.o
        84         16          0          0          0        372   dunder.o
        24          0          0          0          0        124   fabs.o
        48          0          0          0          0        124   fpclassify.o
       248          0          0          0          0        152   poly.o
      1080        142        200          0          0        188   rred.o
       200         20          0          0          0        164   sin.o
       304         24         40          0          0        208   sin_i.o
         0          0          0          0          0          0   entry.o
         0          0          0          0          0          0   entry10a.o
         0          0          0          0          0          0   entry11a.o
         4          0          0          0          0          0   entry12b.o
         8          4          0          0          0          0   entry2.o
         4          0          0          0          0          0   entry5.o
         0          0          0          0          0          0   entry7b.o
         0          0          0          0          0          0   entry8b.o
         8          4          0          0          0          0   entry9a.o
        12          6          0          4          0         68   errno.o
        30          0          0          0          0          0   handlers.o
        36          8          0          0          0         68   init.o
         0          0          0          0          0          0   iusefp.o
        30          0          0          0          0         68   llshl.o
        36          0          0          0          0         68   llsshr.o
        32          0          0          0          0         68   llushr.o
       472         14          0          0          0        184   printf3.o
         0          0          0          4          0          0   stdout.o
        44          0          0          0          0         80   uidiv.o
       334          0          0          0          0        148   dadd.o
       222          0          0          0          0        100   ddiv.o
       186          0          0          0          0        176   depilogue.o
        62          0          0          0          0         80   dfixi.o
        50          0          0          0          0         76   dfixui.o
        34          0          0          0          0         76   dflti.o
        26          0          0          0          0         76   dfltui.o
       228          0          0          0          0         96   dmul.o

    ----------------------------------------------------------------------
      4426        304        288          8          0       3128   Library Totals
        12          0          0          0          0          0   (incl. Padding)

    ----------------------------------------------------------------------

      Code (inc. data)   RO Data    RW Data    ZI Data      Debug   Library Name

      2556        268        288          0          0       1696   m_wm.l
       716         36          0          8          0        604   mc_w.l
      1142          0          0          0          0        828   mf_w.l

    ----------------------------------------------------------------------
      4426        304        288          8          0       3128   Library Totals

    ----------------------------------------------------------------------

==============================================================================


      Code (inc. data)   RO Data    RW Data    ZI Data      Debug   

      9092        686      12876         20       1124      31113   Grand Totals
      9092        686      12876         20       1124      31113   ELF Image Totals
      9092        686      12876         20          0          0   ROM Totals

==============================================================================

    Total RO  Size (Code + RO Data)                21968 (  21.45kB)
    Total RW  Size (RW Data + ZI Data)              1144 (   1.12kB)
    Total ROM Size (Code + RO Data + RW Data)      21988 (  21.47kB)

==============================================================================

